[2026-03-16 21:37:02] root: INFO: Starting Flye 2.9.6-b1802
[2026-03-16 21:37:02] root: DEBUG: Cmd: /home/hannah/miniconda3/envs/genomics_env/bin/flye --pacbio-hifi GN6_hifix30.fastq --out-dir GN6_flye
[2026-03-16 21:37:02] root: DEBUG: Python version: 3.12.13 | packaged by conda-forge | (main, Mar  5 2026, 16:50:00) [GCC 14.3.0]
[2026-03-16 21:37:02] root: INFO: >>>STAGE: configure
[2026-03-16 21:37:02] root: INFO: Configuring run
[2026-03-16 21:37:04] root: INFO: Total read length: 150013794
[2026-03-16 21:37:04] root: INFO: Reads N50/N90: 17053 / 15810
[2026-03-16 21:37:04] root: INFO: Minimum overlap set to 10000
[2026-03-16 21:37:04] root: INFO: >>>STAGE: assembly
[2026-03-16 21:37:04] root: INFO: Assembling disjointigs
[2026-03-16 21:37:04] root: DEBUG: -----Begin assembly log------
[2026-03-16 21:37:04] root: DEBUG: Running: flye-modules assemble --reads /home/hannah/LIFE748asm/GN6_hifix30.fastq --out-asm /home/hannah/LIFE748asm/GN6_flye/00-assembly/draft_assembly.fasta --config /home/hannah/miniconda3/envs/genomics_env/lib/python3.12/site-packages/flye/config/bin_cfg/asm_hifi.cfg --log /home/hannah/LIFE748asm/GN6_flye/flye.log --threads 1 --min-ovlp 10000
[2026-03-16 21:37:04] DEBUG: Build date: May  4 2025 23:17:52
[2026-03-16 21:37:04] DEBUG: Total RAM: 7 Gb
[2026-03-16 21:37:04] DEBUG: Available RAM: 7 Gb
[2026-03-16 21:37:04] DEBUG: Total CPUs: 8
[2026-03-16 21:37:04] DEBUG: Loading /home/hannah/miniconda3/envs/genomics_env/lib/python3.12/site-packages/flye/config/bin_cfg/asm_hifi.cfg
[2026-03-16 21:37:04] DEBUG: Loading /home/hannah/miniconda3/envs/genomics_env/lib/python3.12/site-packages/flye/config/bin_cfg/asm_defaults.cfg
[2026-03-16 21:37:04] DEBUG: 	big_genome_threshold=29000000
[2026-03-16 21:37:04] DEBUG: 	meta_read_filter_kmer_freq=100
[2026-03-16 21:37:04] DEBUG: 	chain_large_gap_penalty=2
[2026-03-16 21:37:04] DEBUG: 	chain_small_gap_penalty=0.5
[2026-03-16 21:37:04] DEBUG: 	chain_gap_jump_threshold=100
[2026-03-16 21:37:04] DEBUG: 	max_jump_gap=500
[2026-03-16 21:37:04] DEBUG: 	max_coverage_drop_rate=5
[2026-03-16 21:37:04] DEBUG: 	max_extensions_drop_rate=5
[2026-03-16 21:37:04] DEBUG: 	chimera_window=100
[2026-03-16 21:37:04] DEBUG: 	chimera_overhang=1000
[2026-03-16 21:37:04] DEBUG: 	min_reads_in_disjointig=4
[2026-03-16 21:37:04] DEBUG: 	max_inner_reads=10
[2026-03-16 21:37:04] DEBUG: 	max_inner_fraction=0.25
[2026-03-16 21:37:04] DEBUG: 	aggressive_dup_filter=1
[2026-03-16 21:37:04] DEBUG: 	max_separation=500
[2026-03-16 21:37:04] DEBUG: 	unique_edge_length=50000
[2026-03-16 21:37:04] DEBUG: 	min_repeat_res_support=0.51
[2026-03-16 21:37:04] DEBUG: 	out_paths_ratio=5
[2026-03-16 21:37:04] DEBUG: 	graph_cov_drop_rate=5
[2026-03-16 21:37:04] DEBUG: 	coverage_estimate_window=100
[2026-03-16 21:37:04] DEBUG: 	max_bubble_length=50000
[2026-03-16 21:37:04] DEBUG: 	loop_coverage_rate=1.5
[2026-03-16 21:37:04] DEBUG: 	repeat_edge_cov_mult=1.75
[2026-03-16 21:37:04] DEBUG: 	weak_detach_rate=5
[2026-03-16 21:37:04] DEBUG: 	tip_coverage_rate=2
[2026-03-16 21:37:04] DEBUG: 	tip_length_rate=2
[2026-03-16 21:37:04] DEBUG: 	output_gfa_before_rr=1
[2026-03-16 21:37:04] DEBUG: 	remove_alt_edges=0
[2026-03-16 21:37:04] DEBUG: 	low_cutoff_warning=0
[2026-03-16 21:37:04] DEBUG: 	kmer_size=17
[2026-03-16 21:37:04] DEBUG: 	use_minimizers=1
[2026-03-16 21:37:04] DEBUG: 	minimizer_window=10
[2026-03-16 21:37:04] DEBUG: 	reads_base_alignment=1
[2026-03-16 21:37:04] DEBUG: 	meta_read_top_kmer_rate=0.75
[2026-03-16 21:37:04] DEBUG: 	maximum_jump=1500
[2026-03-16 21:37:04] DEBUG: 	maximum_overhang=500
[2026-03-16 21:37:04] DEBUG: 	repeat_kmer_rate=100
[2026-03-16 21:37:04] DEBUG: 	assemble_ovlp_divergence=0.001
[2026-03-16 21:37:04] DEBUG: 	assemble_divergence_relative=0
[2026-03-16 21:37:04] DEBUG: 	repeat_graph_ovlp_divergence=0.001
[2026-03-16 21:37:04] DEBUG: 	read_align_ovlp_divergence=0.03
[2026-03-16 21:37:04] DEBUG: 	hpc_scoring_on=1
[2026-03-16 21:37:04] DEBUG: 	add_unassembled_reads=0
[2026-03-16 21:37:04] DEBUG: 	extend_contigs_with_repeats=0
[2026-03-16 21:37:04] DEBUG: 	min_read_cov_cutoff=3
[2026-03-16 21:37:04] DEBUG: 	short_tip_length=10000
[2026-03-16 21:37:04] DEBUG: 	long_tip_length=100000
[2026-03-16 21:37:04] DEBUG: Running with k-mer size: 17
[2026-03-16 21:37:04] DEBUG: Running with minimum overlap 10000
[2026-03-16 21:37:04] DEBUG: Metagenome mode: N
[2026-03-16 21:37:04] DEBUG: Short mode: N
[2026-03-16 21:37:04] INFO: Reading sequences
[2026-03-16 21:37:04] DEBUG: Building positional index
[2026-03-16 21:37:04] DEBUG: Total sequence: 150013794 bp
[2026-03-16 21:37:04] INFO: Building minimizer index
[2026-03-16 21:37:04] INFO: Pre-calculating index storage
[2026-03-16 21:37:23] DEBUG: Mean k-mer frequency: 12.4923
[2026-03-16 21:37:23] DEBUG: Repetitive k-mer frequency: 1249
[2026-03-16 21:37:23] DEBUG: Filtered 1457 repetitive k-mers (5.34659e-05)
[2026-03-16 21:37:24] INFO: Filling index
[2026-03-16 21:37:44] DEBUG: Sorting k-mer index
[2026-03-16 21:37:44] DEBUG: Selected k-mers: 2181417
[2026-03-16 21:37:44] DEBUG: K-mer index size: 27249573
[2026-03-16 21:37:44] DEBUG: Mean k-mer frequency: 12.4917
[2026-03-16 21:37:44] DEBUG: Minimizer rate: 5.50518
[2026-03-16 21:37:44] DEBUG: Peak RAM usage: 0 Gb
[2026-03-16 21:37:44] DEBUG: Estimating k-mer identity bias
[2026-03-16 21:38:42] DEBUG: Initial divergence estimate : 0.00108
[2026-03-16 21:38:42] DEBUG: Relative threshold: N
[2026-03-16 21:38:42] DEBUG: Max divergence threshold set to 0.001
[2026-03-16 21:38:42] INFO: Extending reads
[2026-03-16 21:38:42] DEBUG: Estimating overlap coverage
[2026-03-16 21:39:40] INFO: Overlap-based coverage: 17
[2026-03-16 21:39:40] INFO: Median overlap divergence: 0.00100452
[2026-03-16 21:39:40] DEBUG: Sequence divergence distribution: 

    |*                                                                                                   
    |*                                                                                                   
    |*                                                                                                   
    |*                                                                                                   
    |*                                                                                                   
    |*                                                                                                   
    |*                                                                                                   
    |*                                                                                                   
    |*                                                                                                   
    |*                                                                                                   
    |*                                                                                                   
    |*                                                                                                   
    |*                                                                                                   
    |*                                                                                                   
    |*                                                                                                   
    |*                                                                                                   
    |*                                                                                                   
    |*                                                                                                   
    |*                                                                                                   
    |***** *   ** * **  *  *                   * *                                                       
    ----------------------------------------------------------------------------------------------------
    0%        5%        10%       15%       20%       25%       30%       35%       40%       45%       

    Q25 = 0.00032, Q50 = 0.001, Q75 = 0.0022

[2026-03-16 21:41:12] DEBUG: Assembled disjointig 1
	With 1531 reads
	Start read: +m64147e_211125_085128/41617713/ccs
	At position: 1525
	leftTip: 1 rightTip: 0
	Suspicious: 9
	Short ext: 8
	Mean extensions: 16
	Avg overlap len: 15294
	Min overlap len: 7559
	Inner reads: 0
	Length: 5266123
[2026-03-16 21:41:12] DEBUG: Inner: 12192 covered: 13396 total: 17084
[2026-03-16 21:41:14] DEBUG: Assembled disjointig 2
	With 17 reads
	Start read: +m64147e_211125_085128/151193781/ccs
	At position: 13
	leftTip: 1 rightTip: 0
	Suspicious: 4
	Short ext: 3
	Mean extensions: 7
	Avg overlap len: 14002
	Min overlap len: 1021
	Inner reads: 0
	Length: 101853
[2026-03-16 21:41:14] DEBUG: Inner: 12270 covered: 13502 total: 17084
[2026-03-16 21:41:15] DEBUG: Assembled disjointig 3
	With 16 reads
	Start read: +m64147e_211125_085128/66847580/ccs
	At position: 12
	leftTip: 0 rightTip: 0
	Suspicious: 1
	Short ext: 1
	Mean extensions: 9
	Avg overlap len: 16773
	Min overlap len: 5597
	Inner reads: 0
	Length: 79556
[2026-03-16 21:41:15] DEBUG: Inner: 12334 covered: 13582 total: 17084
[2026-03-16 21:41:17] DEBUG: Assembled disjointig 4
	With 25 reads
	Start read: +m64147e_211125_085128/118753811/ccs
	At position: 21
	leftTip: 1 rightTip: 0
	Suspicious: 4
	Short ext: 1
	Mean extensions: 9
	Avg overlap len: 13771
	Min overlap len: 8754
	Inner reads: 0
	Length: 134503
[2026-03-16 21:41:17] DEBUG: Inner: 12450 covered: 13734 total: 17084
[2026-03-16 21:45:35] INFO: Assembled 4 disjointigs
[2026-03-16 21:45:35] INFO: Generating sequence
[2026-03-16 21:45:48] DEBUG: Building positional index
[2026-03-16 21:45:48] DEBUG: Total sequence: 5582004 bp
[2026-03-16 21:45:50] DEBUG: Mean k-mer frequency: 1.04877
[2026-03-16 21:45:50] DEBUG: Repetitive k-mer frequency: 104
[2026-03-16 21:45:50] DEBUG: Filtered 0 repetitive k-mers (0)
[2026-03-16 21:45:52] DEBUG: Sorting k-mer index
[2026-03-16 21:45:52] DEBUG: Selected k-mers: 967631
[2026-03-16 21:45:52] DEBUG: K-mer index size: 1014825
[2026-03-16 21:45:52] DEBUG: Mean k-mer frequency: 1.04877
[2026-03-16 21:45:52] DEBUG: Minimizer rate: 5.50046
[2026-03-16 21:45:52] INFO: Filtering contained disjointigs
[2026-03-16 21:45:59] DEBUG: Computing transitive closure for overlaps
[2026-03-16 21:45:59] DEBUG: Found 16 overlaps
[2026-03-16 21:45:59] DEBUG: Left 16 overlaps after filtering
[2026-03-16 21:45:59] INFO: Contained seqs: 0
[2026-03-16 21:45:59] DEBUG: Writing FASTA
[2026-03-16 21:45:59] DEBUG: Peak RAM usage: 0 Gb
-----------End assembly log------------
[2026-03-16 21:46:00] root: DEBUG: Disjointigs length: 5582004, N50: 5266137
[2026-03-16 21:46:00] root: INFO: >>>STAGE: consensus
[2026-03-16 21:46:00] root: INFO: Running Minimap2
[2026-03-16 21:50:18] root: INFO: Computing consensus
[2026-03-16 21:58:06] root: INFO: Alignment error rate: 0.005388
[2026-03-16 21:58:07] root: INFO: >>>STAGE: repeat
[2026-03-16 21:58:07] root: INFO: Building and resolving repeat graph
[2026-03-16 21:58:07] root: DEBUG: -----Begin repeat analyser log------
[2026-03-16 21:58:07] root: DEBUG: Running: flye-modules repeat --disjointigs /home/hannah/LIFE748asm/GN6_flye/10-consensus/consensus.fasta --reads /home/hannah/LIFE748asm/GN6_hifix30.fastq --out-dir /home/hannah/LIFE748asm/GN6_flye/20-repeat --config /home/hannah/miniconda3/envs/genomics_env/lib/python3.12/site-packages/flye/config/bin_cfg/asm_hifi.cfg --log /home/hannah/LIFE748asm/GN6_flye/flye.log --threads 1 --min-ovlp 10000
[2026-03-16 21:58:07] DEBUG: Build date: May  4 2025 23:18:08
[2026-03-16 21:58:07] DEBUG: Total RAM: 7 Gb
[2026-03-16 21:58:07] DEBUG: Available RAM: 5 Gb
[2026-03-16 21:58:07] DEBUG: Total CPUs: 8
[2026-03-16 21:58:07] DEBUG: Loading /home/hannah/miniconda3/envs/genomics_env/lib/python3.12/site-packages/flye/config/bin_cfg/asm_hifi.cfg
[2026-03-16 21:58:07] DEBUG: Loading /home/hannah/miniconda3/envs/genomics_env/lib/python3.12/site-packages/flye/config/bin_cfg/asm_defaults.cfg
[2026-03-16 21:58:07] DEBUG: 	big_genome_threshold=29000000
[2026-03-16 21:58:07] DEBUG: 	meta_read_filter_kmer_freq=100
[2026-03-16 21:58:07] DEBUG: 	chain_large_gap_penalty=2
[2026-03-16 21:58:07] DEBUG: 	chain_small_gap_penalty=0.5
[2026-03-16 21:58:07] DEBUG: 	chain_gap_jump_threshold=100
[2026-03-16 21:58:07] DEBUG: 	max_jump_gap=500
[2026-03-16 21:58:07] DEBUG: 	max_coverage_drop_rate=5
[2026-03-16 21:58:07] DEBUG: 	max_extensions_drop_rate=5
[2026-03-16 21:58:07] DEBUG: 	chimera_window=100
[2026-03-16 21:58:07] DEBUG: 	chimera_overhang=1000
[2026-03-16 21:58:07] DEBUG: 	min_reads_in_disjointig=4
[2026-03-16 21:58:07] DEBUG: 	max_inner_reads=10
[2026-03-16 21:58:07] DEBUG: 	max_inner_fraction=0.25
[2026-03-16 21:58:07] DEBUG: 	aggressive_dup_filter=1
[2026-03-16 21:58:07] DEBUG: 	max_separation=500
[2026-03-16 21:58:07] DEBUG: 	unique_edge_length=50000
[2026-03-16 21:58:07] DEBUG: 	min_repeat_res_support=0.51
[2026-03-16 21:58:07] DEBUG: 	out_paths_ratio=5
[2026-03-16 21:58:07] DEBUG: 	graph_cov_drop_rate=5
[2026-03-16 21:58:07] DEBUG: 	coverage_estimate_window=100
[2026-03-16 21:58:07] DEBUG: 	max_bubble_length=50000
[2026-03-16 21:58:07] DEBUG: 	loop_coverage_rate=1.5
[2026-03-16 21:58:07] DEBUG: 	repeat_edge_cov_mult=1.75
[2026-03-16 21:58:07] DEBUG: 	weak_detach_rate=5
[2026-03-16 21:58:07] DEBUG: 	tip_coverage_rate=2
[2026-03-16 21:58:07] DEBUG: 	tip_length_rate=2
[2026-03-16 21:58:07] DEBUG: 	output_gfa_before_rr=1
[2026-03-16 21:58:07] DEBUG: 	remove_alt_edges=0
[2026-03-16 21:58:07] DEBUG: 	low_cutoff_warning=0
[2026-03-16 21:58:07] DEBUG: 	kmer_size=17
[2026-03-16 21:58:07] DEBUG: 	use_minimizers=1
[2026-03-16 21:58:07] DEBUG: 	minimizer_window=10
[2026-03-16 21:58:07] DEBUG: 	reads_base_alignment=1
[2026-03-16 21:58:07] DEBUG: 	meta_read_top_kmer_rate=0.75
[2026-03-16 21:58:07] DEBUG: 	maximum_jump=1500
[2026-03-16 21:58:07] DEBUG: 	maximum_overhang=500
[2026-03-16 21:58:07] DEBUG: 	repeat_kmer_rate=100
[2026-03-16 21:58:07] DEBUG: 	assemble_ovlp_divergence=0.001
[2026-03-16 21:58:07] DEBUG: 	assemble_divergence_relative=0
[2026-03-16 21:58:07] DEBUG: 	repeat_graph_ovlp_divergence=0.001
[2026-03-16 21:58:07] DEBUG: 	read_align_ovlp_divergence=0.03
[2026-03-16 21:58:07] DEBUG: 	hpc_scoring_on=1
[2026-03-16 21:58:07] DEBUG: 	add_unassembled_reads=0
[2026-03-16 21:58:07] DEBUG: 	extend_contigs_with_repeats=0
[2026-03-16 21:58:07] DEBUG: 	min_read_cov_cutoff=3
[2026-03-16 21:58:07] DEBUG: 	short_tip_length=10000
[2026-03-16 21:58:07] DEBUG: 	long_tip_length=100000
[2026-03-16 21:58:07] DEBUG: Running with k-mer size: 17
[2026-03-16 21:58:07] DEBUG: Selected minimum overlap 10000
[2026-03-16 21:58:07] DEBUG: Metagenome mode: N
[2026-03-16 21:58:07] INFO: Parsing disjointigs
[2026-03-16 21:58:07] DEBUG: Building positional index
[2026-03-16 21:58:07] DEBUG: Total sequence: 5577668 bp
[2026-03-16 21:58:07] INFO: Building repeat graph
[2026-03-16 21:58:11] DEBUG: Mean k-mer frequency: 1.05039
[2026-03-16 21:58:11] DEBUG: Repetitive k-mer frequency: 105
[2026-03-16 21:58:11] DEBUG: Filtered 0 repetitive k-mers (0)
[2026-03-16 21:58:14] DEBUG: Sorting k-mer index
[2026-03-16 21:58:14] DEBUG: Selected k-mers: 965329
[2026-03-16 21:58:14] DEBUG: K-mer index size: 1013973
[2026-03-16 21:58:14] DEBUG: Mean k-mer frequency: 1.05039
[2026-03-16 21:58:14] DEBUG: Minimizer rate: 5.50081
[2026-03-16 21:58:25] DEBUG: Computing transitive closure for overlaps
[2026-03-16 21:58:25] DEBUG: Found 32 overlaps
[2026-03-16 21:58:25] DEBUG: Left 16 overlaps after filtering
[2026-03-16 21:58:25] INFO: Median overlap divergence: 0.0418436
[2026-03-16 21:58:25] DEBUG: Sequence divergence distribution: 

    |*                                                                                                   
    |*                                                                                                   
    |*                                                                                                   
    |*                                                                                                   
    |*                                                                                                   
    |*                                                                                                   
    |*                                                                                                   
    |*                                                                                                   
    |*                                                                                                   
    |*                                                                                                   
    |*                                                                                                   
    |*                                                                                                   
    |*                                                                                                   
    |*                                                                                                   
    |*                                                                                                   
    |*       * *                 *                                                                       
    |*       * *                 *                                                                       
    |*       * *        * *      *                                                                       
    |*       * *        * *      *                                                                       
    |*       * *        * *      *                                                                       
    ----------------------------------------------------------------------------------------------------
    0%        5%        10%       15%       20%       25%       30%       35%       40%       45%       

    Q25 = 0.00019, Q50 = 0.042, Q75 = 0.098

[2026-03-16 21:58:25] DEBUG: Computing gluepoints
[2026-03-16 21:58:25] DEBUG: Added 0 gluepoint projections
[2026-03-16 21:58:25] DEBUG: Created 36 gluepoints
[2026-03-16 21:58:25] DEBUG: Artificial loops removed: 0 left, 0 right, 0 both
[2026-03-16 21:58:25] DEBUG: Initializing edges
[2026-03-16 21:58:25] DEBUG: Edges length checksum: 6242071673
[2026-03-16 21:58:25] DEBUG: Filtered 0 singleton segments
[2026-03-16 21:58:25] DEBUG: Removed 0 simple and 0 double chimeric junctions
[2026-03-16 21:58:25] DEBUG: Collapsed 4 edges
[2026-03-16 21:58:25] DEBUG: *	9	+disjointig_1	16217	5264439	5248222	
[2026-03-16 21:58:25] DEBUG: *	10	+disjointig_2	14669	99876	85207	
[2026-03-16 21:58:25] DEBUG:  	11	+disjointig_3	11258	79621	68363	
[2026-03-16 21:58:25] DEBUG: *	12	+disjointig_4	19484	133703	114219	
[2026-03-16 21:58:25] DEBUG: Total edges: 12
[2026-03-16 21:58:25] INFO: Parsing reads
[2026-03-16 21:58:29] DEBUG: Building positional index
[2026-03-16 21:58:29] DEBUG: Total sequence: 150013794 bp
[2026-03-16 21:58:29] DEBUG: Building positional index
[2026-03-16 21:58:29] DEBUG: Total sequence: 5516011 bp
[2026-03-16 21:58:29] INFO: Aligning reads to the graph
[2026-03-16 21:58:31] DEBUG: Mean k-mer frequency: 1.03904
[2026-03-16 21:58:31] DEBUG: Repetitive k-mer frequency: 103
[2026-03-16 21:58:31] DEBUG: Filtered 0 repetitive k-mers (0)
[2026-03-16 21:58:34] DEBUG: Sorting k-mer index
[2026-03-16 21:58:34] DEBUG: Selected k-mers: 965086
[2026-03-16 21:58:34] DEBUG: K-mer index size: 1002766
[2026-03-16 21:58:34] DEBUG: Mean k-mer frequency: 1.03904
[2026-03-16 21:58:34] DEBUG: Minimizer rate: 5.5008
[2026-03-16 22:03:57] DEBUG: Total reads : 8542
[2026-03-16 22:03:57] DEBUG: Read with aligned parts : 8519
[2026-03-16 22:03:57] DEBUG: Aligned in one piece : 8494
[2026-03-16 22:03:57] INFO: Aligned read sequence: 148981113 / 150013794 (0.993116)
[2026-03-16 22:03:57] INFO: Median overlap divergence: 0.000256062
[2026-03-16 22:03:57] DEBUG: Sequence divergence distribution: 

    |*     |                                                                                             
    |*     |                                                                                             
    |*     |                                                                                             
    |*     |                                                                                             
    |*     |                                                                                             
    |*     |                                                                                             
    |*     |                                                                                             
    |*     |                                                                                             
    |*     |                                                                                             
    |*     |                                                                                             
    |*     |                                                                                             
    |*     |                                                                                             
    |*     |                                                                                             
    |*     |                                                                                             
    |*     |                                                                                             
    |*     |                                                                                             
    |*     |                                                                                             
    |*     |                                                                                             
    |*     |                                                                                             
    |*** ******                                                                                          
    ----------------------------------------------------------------------------------------------------
    0%        5%        10%       15%       20%       25%       30%       35%       40%       45%       

    Q25 = 0, Q50 = 0.00026, Q75 = 0.00094

[2026-03-16 22:03:57] INFO: Mean edge coverage: 27
[2026-03-16 22:03:57] DEBUG: 9	len:5248222	cov:28	mult:1.03704
[2026-03-16 22:03:57] DEBUG: -9	len:5248222	cov:28	mult:1.03704
[2026-03-16 22:03:57] DEBUG: 10	len:85207	cov:10	mult:0.37037
[2026-03-16 22:03:57] DEBUG: -10	len:85207	cov:10	mult:0.37037
[2026-03-16 22:03:57] DEBUG: 11	len:34181	cov:23	mult:0.851852
[2026-03-16 22:03:57] DEBUG: -11	len:34181	cov:23	mult:0.851852
[2026-03-16 22:03:57] DEBUG: 12	len:114219	cov:10	mult:0.37037
[2026-03-16 22:03:57] DEBUG: -12	len:114219	cov:10	mult:0.37037
[2026-03-16 22:03:57] DEBUG: Unique coverage threshold 49
[2026-03-16 22:03:57] INFO: Simplifying the graph
[2026-03-16 22:03:57] DEBUG: Read coverage cutoff: 5
[2026-03-16 22:03:57] DEBUG: [SIMPL] Removed 0 paths with low coverage
[2026-03-16 22:03:57] DEBUG: [SIMPL] Masked 0 heterozygous loops
[2026-03-16 22:03:57] DEBUG: [SIMPL] Masked 0 simple bubbles
[2026-03-16 22:03:57] DEBUG: Finding repeats
[2026-03-16 22:03:57] DEBUG: Read coverage cutoff: 5
[2026-03-16 22:03:57] DEBUG: Repeat detection iteration 1
[2026-03-16 22:03:57] DEBUG: Writing Dot
[2026-03-16 22:03:57] DEBUG: Writing FASTA
[2026-03-16 22:03:58] DEBUG: Writing Gfa
[2026-03-16 22:03:58] DEBUG: [SIMPL] == Iteration 1 ==
[2026-03-16 22:03:58] DEBUG: Splitting nodes
[2026-03-16 22:03:58] DEBUG: [SIMPL] Split 0 nodes
[2026-03-16 22:03:58] DEBUG: [SIMPL] Clipped 0 short and 0 long tips
[2026-03-16 22:03:58] DEBUG: [SIMPL] Masked 0 heterozygous loops
[2026-03-16 22:03:58] DEBUG: [SIMPL] Masked 0 simple bubbles
[2026-03-16 22:03:58] DEBUG: Finding repeats
[2026-03-16 22:03:58] DEBUG: Read coverage cutoff: 5
[2026-03-16 22:03:58] DEBUG: Repeat detection iteration 1
[2026-03-16 22:03:58] DEBUG: Total unique edges: 4
[2026-03-16 22:03:58] DEBUG: [SIMPL] Resolved repeats: 0
[2026-03-16 22:03:58] DEBUG: RR links: 0
[2026-03-16 22:03:58] DEBUG: Unresolved: 0
[2026-03-16 22:03:58] DEBUG: Removed 0 simple and 0 double chimeric junctions
[2026-03-16 22:03:58] DEBUG: [SIMPL] Collapsed 0 haplotypes
[2026-03-16 22:03:58] DEBUG: [SIMPL] Resolved 0 simple repeats
[2026-03-16 22:03:58] DEBUG: Read coverage cutoff: 5
[2026-03-16 22:03:58] DEBUG: [SIMPL] Removed 0 paths with low coverage
[2026-03-16 22:03:58] DEBUG: Finding repeats
[2026-03-16 22:03:58] DEBUG: Read coverage cutoff: 5
[2026-03-16 22:03:58] DEBUG: Repeat detection iteration 1
[2026-03-16 22:03:58] DEBUG: Writing Dot
[2026-03-16 22:03:59] DEBUG: Writing FASTA
[2026-03-16 22:03:59] DEBUG: Peak RAM usage: 0 Gb
-----------End assembly log------------
[2026-03-16 22:03:59] root: INFO: >>>STAGE: contigger
[2026-03-16 22:03:59] root: INFO: Generating contigs
[2026-03-16 22:03:59] root: DEBUG: -----Begin contigger analyser log------
[2026-03-16 22:03:59] root: DEBUG: Running: flye-modules contigger --graph-edges /home/hannah/LIFE748asm/GN6_flye/20-repeat/repeat_graph_edges.fasta --reads /home/hannah/LIFE748asm/GN6_hifix30.fastq --out-dir /home/hannah/LIFE748asm/GN6_flye/30-contigger --config /home/hannah/miniconda3/envs/genomics_env/lib/python3.12/site-packages/flye/config/bin_cfg/asm_hifi.cfg --repeat-graph /home/hannah/LIFE748asm/GN6_flye/20-repeat/repeat_graph_dump --graph-aln /home/hannah/LIFE748asm/GN6_flye/20-repeat/read_alignment_dump --log /home/hannah/LIFE748asm/GN6_flye/flye.log --threads 1 --min-ovlp 10000
[2026-03-16 22:03:59] DEBUG: Build date: May  4 2025 23:18:25
[2026-03-16 22:03:59] DEBUG: Total RAM: 7 Gb
[2026-03-16 22:03:59] DEBUG: Available RAM: 5 Gb
[2026-03-16 22:03:59] DEBUG: Total CPUs: 8
[2026-03-16 22:03:59] DEBUG: Loading /home/hannah/miniconda3/envs/genomics_env/lib/python3.12/site-packages/flye/config/bin_cfg/asm_hifi.cfg
[2026-03-16 22:03:59] DEBUG: Loading /home/hannah/miniconda3/envs/genomics_env/lib/python3.12/site-packages/flye/config/bin_cfg/asm_defaults.cfg
[2026-03-16 22:03:59] DEBUG: 	big_genome_threshold=29000000
[2026-03-16 22:03:59] DEBUG: 	meta_read_filter_kmer_freq=100
[2026-03-16 22:03:59] DEBUG: 	chain_large_gap_penalty=2
[2026-03-16 22:03:59] DEBUG: 	chain_small_gap_penalty=0.5
[2026-03-16 22:03:59] DEBUG: 	chain_gap_jump_threshold=100
[2026-03-16 22:03:59] DEBUG: 	max_jump_gap=500
[2026-03-16 22:03:59] DEBUG: 	max_coverage_drop_rate=5
[2026-03-16 22:03:59] DEBUG: 	max_extensions_drop_rate=5
[2026-03-16 22:03:59] DEBUG: 	chimera_window=100
[2026-03-16 22:03:59] DEBUG: 	chimera_overhang=1000
[2026-03-16 22:03:59] DEBUG: 	min_reads_in_disjointig=4
[2026-03-16 22:03:59] DEBUG: 	max_inner_reads=10
[2026-03-16 22:03:59] DEBUG: 	max_inner_fraction=0.25
[2026-03-16 22:03:59] DEBUG: 	aggressive_dup_filter=1
[2026-03-16 22:03:59] DEBUG: 	max_separation=500
[2026-03-16 22:03:59] DEBUG: 	unique_edge_length=50000
[2026-03-16 22:03:59] DEBUG: 	min_repeat_res_support=0.51
[2026-03-16 22:03:59] DEBUG: 	out_paths_ratio=5
[2026-03-16 22:03:59] DEBUG: 	graph_cov_drop_rate=5
[2026-03-16 22:03:59] DEBUG: 	coverage_estimate_window=100
[2026-03-16 22:03:59] DEBUG: 	max_bubble_length=50000
[2026-03-16 22:03:59] DEBUG: 	loop_coverage_rate=1.5
[2026-03-16 22:03:59] DEBUG: 	repeat_edge_cov_mult=1.75
[2026-03-16 22:03:59] DEBUG: 	weak_detach_rate=5
[2026-03-16 22:03:59] DEBUG: 	tip_coverage_rate=2
[2026-03-16 22:03:59] DEBUG: 	tip_length_rate=2
[2026-03-16 22:03:59] DEBUG: 	output_gfa_before_rr=1
[2026-03-16 22:03:59] DEBUG: 	remove_alt_edges=0
[2026-03-16 22:03:59] DEBUG: 	low_cutoff_warning=0
[2026-03-16 22:03:59] DEBUG: 	kmer_size=17
[2026-03-16 22:03:59] DEBUG: 	use_minimizers=1
[2026-03-16 22:03:59] DEBUG: 	minimizer_window=10
[2026-03-16 22:03:59] DEBUG: 	reads_base_alignment=1
[2026-03-16 22:03:59] DEBUG: 	meta_read_top_kmer_rate=0.75
[2026-03-16 22:03:59] DEBUG: 	maximum_jump=1500
[2026-03-16 22:03:59] DEBUG: 	maximum_overhang=500
[2026-03-16 22:03:59] DEBUG: 	repeat_kmer_rate=100
[2026-03-16 22:03:59] DEBUG: 	assemble_ovlp_divergence=0.001
[2026-03-16 22:03:59] DEBUG: 	assemble_divergence_relative=0
[2026-03-16 22:03:59] DEBUG: 	repeat_graph_ovlp_divergence=0.001
[2026-03-16 22:03:59] DEBUG: 	read_align_ovlp_divergence=0.03
[2026-03-16 22:03:59] DEBUG: 	hpc_scoring_on=1
[2026-03-16 22:03:59] DEBUG: 	add_unassembled_reads=0
[2026-03-16 22:03:59] DEBUG: 	extend_contigs_with_repeats=0
[2026-03-16 22:03:59] DEBUG: 	min_read_cov_cutoff=3
[2026-03-16 22:03:59] DEBUG: 	short_tip_length=10000
[2026-03-16 22:03:59] DEBUG: 	long_tip_length=100000
[2026-03-16 22:03:59] DEBUG: Running with k-mer size: 17
[2026-03-16 22:03:59] DEBUG: Selected minimum overlap 10000
[2026-03-16 22:03:59] INFO: Reading sequences
[2026-03-16 22:04:03] DEBUG: Building positional index
[2026-03-16 22:04:03] DEBUG: Total sequence: 150013794 bp
[2026-03-16 22:04:03] DEBUG: Flipped 0
[2026-03-16 22:04:03] DEBUG: UPath 1: 9
[2026-03-16 22:04:03] DEBUG: UPath 2: 10
[2026-03-16 22:04:03] DEBUG: UPath 3: 11
[2026-03-16 22:04:03] DEBUG: UPath 4: 12
[2026-03-16 22:04:03] DEBUG: Final graph contains 4 egdes
[2026-03-16 22:04:03] DEBUG: Extending contigs into repeats
[2026-03-16 22:04:04] DEBUG: Covered 0 repetitive contigs
[2026-03-16 22:04:04] INFO: Generated 4 contigs
[2026-03-16 22:04:04] DEBUG: Writing FASTA
[2026-03-16 22:04:04] DEBUG: Generating scaffold connections
[2026-03-16 22:04:04] INFO: Added 0 scaffold connections
[2026-03-16 22:04:04] DEBUG: Writing Dot
[2026-03-16 22:04:04] DEBUG: Writing FASTA
[2026-03-16 22:04:05] DEBUG: Writing Gfa
[2026-03-16 22:04:05] DEBUG: Peak RAM usage: 0 Gb
-----------End assembly log------------
[2026-03-16 22:04:05] root: INFO: >>>STAGE: polishing
[2026-03-16 22:04:05] root: INFO: Polishing genome (1/1)
[2026-03-16 22:04:05] root: INFO: Running minimap2
[2026-03-16 22:08:24] root: INFO: Separating alignment into bubbles
[2026-03-16 22:20:15] root: DEBUG: Generated 381259 bubbles
[2026-03-16 22:20:15] root: DEBUG: Split 0 long bubbles
[2026-03-16 22:20:15] root: DEBUG: Skipped 0 empty bubbles
[2026-03-16 22:20:15] root: DEBUG: Skipped 0 bubbles with long branches
[2026-03-16 22:20:15] root: INFO: Alignment error rate: 0.003368
[2026-03-16 22:20:15] root: INFO: Correcting bubbles
[2026-03-16 22:32:56] root: DEBUG: Mean contig coverage: 26, selected threshold: 5
[2026-03-16 22:32:56] root: DEBUG: Filtered 0 contigs of total length 0
[2026-03-16 22:32:56] root: DEBUG: Generating polished GFA
[2026-03-16 22:33:13] root: DEBUG: 0 sequences remained unpolished
[2026-03-16 22:33:14] root: INFO: >>>STAGE: finalize
[2026-03-16 22:33:14] root: DEBUG: ---Output dir contents:----
[2026-03-16 22:33:14] root: DEBUG: GN6_flye/
[2026-03-16 22:33:14] root: DEBUG:     30.0 K      flye.log
[2026-03-16 22:33:14] root: DEBUG:     93.0 B      params.json
[2026-03-16 22:33:14] root: DEBUG:     534.0 B     assembly_graph.gv
[2026-03-16 22:33:14] root: DEBUG:     5.0 M       assembly_graph.gfa
[2026-03-16 22:33:14] root: DEBUG:     5.0 M       assembly.fasta
[2026-03-16 22:33:14] root: DEBUG:     20-repeat/
[2026-03-16 22:33:14] root: DEBUG:         2.0 M       read_alignment_dump
[2026-03-16 22:33:14] root: DEBUG:         540.0 B     graph_before_rr.gv
[2026-03-16 22:33:14] root: DEBUG:         540.0 B     graph_after_rr.gv
[2026-03-16 22:33:14] root: DEBUG:         5.0 M       graph_before_rr.gfa
[2026-03-16 22:33:14] root: DEBUG:         934.0 B     repeat_graph_dump
[2026-03-16 22:33:14] root: DEBUG:         5.0 M       graph_before_rr.fasta
[2026-03-16 22:33:14] root: DEBUG:         5.0 M       repeat_graph_edges.fasta
[2026-03-16 22:33:14] root: DEBUG:     00-assembly/
[2026-03-16 22:33:14] root: DEBUG:         5.0 M       draft_assembly.fasta
[2026-03-16 22:33:14] root: DEBUG:         131.0 B     draft_assembly.fasta.fai
[2026-03-16 22:33:14] root: DEBUG:     30-contigger/
[2026-03-16 22:33:14] root: DEBUG:         0.0 B       scaffolds_links.txt
[2026-03-16 22:33:14] root: DEBUG:         5.0 M       graph_final.gfa
[2026-03-16 22:33:14] root: DEBUG:         212.0 B     contigs_stats.txt
[2026-03-16 22:33:14] root: DEBUG:         5.0 M       contigs.fasta
[2026-03-16 22:33:14] root: DEBUG:         534.0 B     graph_final.gv
[2026-03-16 22:33:14] root: DEBUG:         5.0 M       graph_final.fasta
[2026-03-16 22:33:14] root: DEBUG:         114.0 B     contigs.fasta.fai
[2026-03-16 22:33:14] root: DEBUG:     40-polishing/
[2026-03-16 22:33:14] root: DEBUG:         5.0 M       filtered_contigs.fasta
[2026-03-16 22:33:14] root: DEBUG:         101.0 B     contigs_stats.txt
[2026-03-16 22:33:14] root: DEBUG:         1.0 K       minimap_1.bam.csi
[2026-03-16 22:33:14] root: DEBUG:         146.0 B     edges_aln.bam.csi
[2026-03-16 22:33:14] root: DEBUG:         5.0 M       polished_edges.gfa
[2026-03-16 22:33:14] root: DEBUG:         873.0 B     minimap.stderr
[2026-03-16 22:33:14] root: DEBUG:         1.0 M       base_coverage.bed.gz
[2026-03-16 22:33:14] root: DEBUG:         114.0 B     filtered_contigs.fasta.fai
[2026-03-16 22:33:14] root: DEBUG:         101.0 B     filtered_stats.txt
[2026-03-16 22:33:14] root: DEBUG:     10-consensus/
[2026-03-16 22:33:14] root: DEBUG:         1.0 K       minimap.bam.csi
[2026-03-16 22:33:14] root: DEBUG:         5.0 M       consensus.fasta
[2026-03-16 22:33:14] root: DEBUG:         919.0 B     minimap.stderr
[2026-03-16 22:33:14] root: DEBUG: --------------------------
[2026-03-16 22:33:14] root: INFO: Assembly statistics:

	Total length:	5481946
	Fragments:	4
	Fragments N50:	5248224
	Largest frg:	5248224
	Scaffolds:	0
	Mean coverage:	26

[2026-03-16 22:33:14] root: INFO: Final assembly: /home/hannah/LIFE748asm/GN6_flye/assembly.fasta
