[10:55:26] This is prokka 1.13
[10:55:26] Written by Torsten Seemann <torsten.seemann@gmail.com>
[10:55:26] Homepage is https://github.com/tseemann/prokka
[10:55:26] Local time is Tue Mar 17 10:55:26 2026
[10:55:26] You are hannah
[10:55:26] Operating system is linux
[10:55:26] You have BioPerl 1.007002
[10:55:26] System has 8 cores.
[10:55:26] Will use maximum of 8 cores.
[10:55:26] Annotating as >>> Bacteria <<<
[10:55:26] Generating locus_tag from 'assemblies/flye_assembly.fasta' contents.
[10:55:26] Setting --locustag OCMBFCID from MD5 8c6bfc2d5fdc35a8980d68c9aac865c5
[10:55:26] Creating new output folder: prokka_flye
[10:55:26] Running: mkdir -p prokka_flye
[10:55:26] Using filename prefix: flye.XXX
[10:55:26] Setting HMMER_NCPU=1
[10:55:26] Writing log to: prokka_flye/flye.log
[10:55:26] Command: /home/hannah/miniconda3/envs/prokka/bin/prokka assemblies/flye_assembly.fasta --outdir prokka_flye --prefix flye
[10:55:26] Appending to PATH: /home/hannah/miniconda3/envs/prokka/bin
[10:55:26] Looking for 'aragorn' - found /home/hannah/miniconda3/envs/prokka/bin/aragorn
[10:55:26] Determined aragorn version is 1.2
[10:55:26] Looking for 'barrnap' - found /home/hannah/miniconda3/envs/prokka/bin/barrnap
[10:55:26] Determined barrnap version is 0.9
[10:55:26] Looking for 'blastp' - found /home/hannah/miniconda3/envs/prokka/bin/blastp
[10:55:27] Determined blastp version is 2.12
[10:55:27] Looking for 'cmpress' - found /home/hannah/miniconda3/envs/prokka/bin/cmpress
[10:55:27] Determined cmpress version is 1.1
[10:55:27] Looking for 'cmscan' - found /home/hannah/miniconda3/envs/prokka/bin/cmscan
[10:55:27] Determined cmscan version is 1.1
[10:55:27] Looking for 'egrep' - found /usr/bin/egrep
[10:55:27] Looking for 'find' - found /usr/bin/find
[10:55:27] Looking for 'grep' - found /usr/bin/grep
[10:55:27] Looking for 'hmmpress' - found /home/hannah/miniconda3/envs/prokka/bin/hmmpress
[10:55:27] Determined hmmpress version is 3.4
[10:55:27] Looking for 'hmmscan' - found /home/hannah/miniconda3/envs/prokka/bin/hmmscan
[10:55:27] Determined hmmscan version is 3.4
[10:55:27] Looking for 'java' - found /home/hannah/miniconda3/envs/prokka/bin/java
[10:55:27] Looking for 'less' - found /usr/bin/less
[10:55:27] Looking for 'makeblastdb' - found /home/hannah/miniconda3/envs/prokka/bin/makeblastdb
[10:55:28] Determined makeblastdb version is 2.12
[10:55:28] Looking for 'minced' - found /home/hannah/miniconda3/envs/prokka/bin/minced
[10:55:28] Determined minced version is 4.2
[10:55:28] Looking for 'parallel' - found /home/hannah/miniconda3/envs/prokka/bin/parallel
[10:55:28] Determined parallel version is 20160622
[10:55:28] Looking for 'prodigal' - found /home/hannah/miniconda3/envs/prokka/bin/prodigal
[10:55:28] Determined prodigal version is 2.6
[10:55:28] Looking for 'prokka-genbank_to_fasta_db' - found /home/hannah/miniconda3/envs/prokka/bin/prokka-genbank_to_fasta_db
[10:55:28] Looking for 'sed' - found /usr/bin/sed
[10:55:28] Looking for 'tbl2asn' - found /home/hannah/miniconda3/envs/prokka/bin/tbl2asn
[10:55:29] Determined tbl2asn version is 25.8
[10:55:29] Using genetic code table 11.
[10:55:29] Loading and checking input file: assemblies/flye_assembly.fasta
[10:55:29] Wrote 4 contigs totalling 5481946 bp.
[10:55:29] Predicting tRNAs and tmRNAs
[10:55:29] Running: aragorn -l -gc11  -w prokka_flye\/flye\.fna
[10:55:30] 1 tRNA-Ile [91899,91975] 35 (gat)
[10:55:30] 2 tRNA-Ala [92018,92093] 34 (tgc)
[10:55:30] 3 tRNA-Asp [95447,95523] 35 (gtc)
[10:55:30] 4 tRNA-Asp [103670,103746] 35 (gtc)
[10:55:30] 5 tRNA-Thr [199200,199275] 34 (cgt)
[10:55:30] 6 tRNA-Ser [308130,308210] 38 (gga)
[10:55:30] 7 tRNA-Arg [550933,551009] 35 (tct)
[10:55:30] 8 tRNA-Gln c[714975,715049] 33 (ctg)
[10:55:30] 9 tRNA-Gln c[715087,715161] 33 (ctg)
[10:55:30] 10 tRNA-Met c[715210,715286] 35 (cat)
[10:55:30] 11 tRNA-Gln c[715302,715376] 33 (ttg)
[10:55:30] 12 tRNA-Gln c[715411,715485] 33 (ttg)
[10:55:30] 13 tRNA-Leu c[715509,715593] 35 (tag)
[10:55:30] 14 tRNA-Met c[715603,715679] 35 (cat)
[10:55:30] 15 tRNA-Lys [794435,794510] 34 (ttt)
[10:55:30] 16 tRNA-Val [794646,794721] 34 (tac)
[10:55:30] 17 tRNA-Lys [794724,794799] 34 (ttt)
[10:55:30] 18 tRNA-Val [794851,794926] 34 (tac)
[10:55:30] 19 tRNA-Lys [794930,795005] 34 (ttt)
[10:55:30] 20 tRNA-Lys [795152,795227] 34 (ttt)
[10:55:30] 21 tRNA-Lys [795261,795336] 34 (ttt)
[10:55:30] 22 tRNA-Gly [848210,848294] 37 (gcc)
[10:55:30] 23 tRNA-Ser c[953565,953652] 35 (gga)
[10:55:30] 24 tRNA-Ser c[1052364,1052451] 35 (tga)
[10:55:30] 25 tRNA-Ser c[1101023,1101110] 35 (gga)
[10:55:30] 26 tRNA-Tyr c[1380506,1380590] 35 (gta)
[10:55:30] 27 tRNA-Tyr c[1380625,1380709] 35 (gta)
[10:55:30] 28 tRNA-Met [1423442,1423517] 34 (cat)
[10:55:30] 29 tRNA-Arg [1423525,1423601] 35 (tcg)
[10:55:30] 30 tRNA-Arg [1423615,1423691] 35 (tct)
[10:55:30] 31 tRNA-Val [1873006,1873082] 35 (gac)
[10:55:30] 32 tRNA-Val [1873087,1873163] 35 (gac)
[10:55:30] 33 tRNA-Leu c[2117043,2117129] 35 (taa)
[10:55:30] 34 tRNA-Cys c[2117142,2117215] 33 (gca)
[10:55:30] 35 tRNA-Gly c[2117270,2117345] 34 (gcc)
[10:55:30] 36 tRNA-Ser c[2169175,2169264] 35 (cga)
[10:55:30] 37 tRNA-Asn [2170256,2170331] 34 (gtt)
[10:55:30] 38 tRNA-Asn c[2210149,2210224] 34 (gtt)
[10:55:30] 39 tRNA-Asn [2211973,2212048] 34 (gtt)
[10:55:30] 40 tRNA-Asn [2214381,2214456] 34 (gtt)
[10:55:30] 41 tRNA-Pro [2452898,2452974] 35 (ggg)
[10:55:30] 42 tRNA-Arg [2630182,2630256] 34 (cct)
[10:55:30] 43 tRNA-Ala c[2673548,2673623] 34 (ggc)
[10:55:30] 44 tRNA-Ala c[2673663,2673738] 34 (ggc)
[10:55:30] 45 tRNA-Val [2676437,2676512] 34 (tac)
[10:55:30] 46 tRNA-Val [2676557,2676632] 34 (tac)
[10:55:30] 47 tRNA-Val [2676679,2676754] 34 (tac)
[10:55:30] 48 tRNA-Lys [2676759,2676834] 34 (ttt)
[10:55:30] 49 tRNA-Arg [2799254,2799330] 35 (tct)
[10:55:30] 50 tRNA-Glu c[2925540,2925615] 35 (ttc)
[10:55:31] 51 tmRNA [2951672,2952034] 90,125 ANDENYALAA**
[10:55:31] 52 tRNA-Arg c[3023060,3023136] 35 (acg)
[10:55:31] 53 tRNA-Arg c[3023335,3023411] 35 (acg)
[10:55:31] 54 tRNA-Arg c[3023609,3023685] 35 (acg)
[10:55:31] 55 tRNA-Arg [3023869,3023940] 34 (tcg)
[10:55:31] 56 tRNA-Arg c[3023884,3023960] 35 (acg)
[10:55:31] 57 tRNA-Ser c[3023964,3024056] 35 (gct)
[10:55:31] 58 tRNA-Met [3153631,3153707] 35 (cat)
[10:55:31] 59 tRNA-Met [3153741,3153817] 35 (cat)
[10:55:31] 60 tRNA-Met [3153850,3153926] 35 (cat)
[10:55:31] 61 tRNA-Gly c[3221166,3221239] 33 (ccc)
[10:55:31] 62 tRNA-Phe [3345544,3345619] 34 (gaa)
[10:55:31] 63 tRNA-Met [3569994,3570069] 34 (cat)
[10:55:31] 64 tRNA-Met c[3670258,3670334] 35 (cat)
[10:55:31] 65 tRNA-Leu c[3674117,3674203] 35 (gag)
[10:55:31] 66 tRNA-Thr c[3768673,3768748] 34 (ggt)
[10:55:31] 67 tRNA-Ala c[3772062,3772137] 34 (tgc)
[10:55:31] 68 tRNA-Ile c[3772180,3772256] 35 (gat)
[10:55:31] 69 tRNA-Pro c[4071599,4071675] 35 (cgg)
[10:55:31] 70 tRNA-SeC [4196847,4196941] 35 (tca)
[10:55:31] 71 tRNA-Glu [4328598,4328673] 35 (ttc)
[10:55:31] 72 tRNA-Asp [4332034,4332110] 35 (gtc)
[10:55:31] 73 tRNA-Trp [4332119,4332194] 34 (cca)
[10:55:31] 74 tRNA-Arg [4366663,4366739] 35 (ccg)
[10:55:31] 75 tRNA-His [4366798,4366873] 34 (gtg)
[10:55:31] 76 tRNA-Leu [4366894,4366980] 35 (cag)
[10:55:31] 77 tRNA-Pro [4367023,4367099] 35 (tgg)
[10:55:31] 78 tRNA-Ile [4422119,4422195] 35 (gat)
[10:55:31] 79 tRNA-Ala [4422238,4422313] 34 (tgc)
[10:55:31] 80 tRNA-Glu [4588713,4588788] 35 (ttc)
[10:55:31] 81 tRNA-Thr [4595566,4595641] 34 (tgt)
[10:55:31] 82 tRNA-Tyr [4595650,4595734] 35 (gta)
[10:55:31] 83 tRNA-Gly [4595851,4595925] 34 (tcc)
[10:55:31] 84 tRNA-Thr [4595932,4596007] 34 (ggt)
[10:55:31] 85 tRNA-Glu [4629807,4629882] 35 (ttc)
[10:55:31] 86 tRNA-Phe c[4779162,4779237] 34 (gaa)
[10:55:31] 87 tRNA-Gly [4808091,4808166] 34 (gcc)
[10:55:31] 88 tRNA-Gly [4808324,4808399] 34 (gcc)
[10:55:31] 89 tRNA-Gly [4808435,4808510] 34 (gcc)
[10:55:31] 90 tRNA-Leu [4914958,4915042] 35 (caa)
[10:55:31] 91 tRNA-Leu c[5073206,5073292] 35 (cag)
[10:55:31] 92 tRNA-Leu c[5073327,5073413] 35 (cag)
[10:55:31] 93 tRNA-Leu c[5073442,5073528] 35 (cag)
[10:55:31] Found 93 tRNAs
[10:55:31] Predicting Ribosomal RNAs
[10:55:31] Running Barrnap with 8 threads
[10:55:34] 1 contig_1 90292 16S ribosomal RNA
[10:55:34] 2 contig_1 92279 23S ribosomal RNA
[10:55:34] 3 contig_1 95279 5S ribosomal RNA
[10:55:34] 4 contig_1 2922246 5S ribosomal RNA
[10:55:34] 5 contig_1 2922453 23S ribosomal RNA
[10:55:34] 6 contig_1 2925702 16S ribosomal RNA
[10:55:34] 7 contig_1 3768521 5S ribosomal RNA
[10:55:34] 8 contig_1 3768766 5S ribosomal RNA
[10:55:34] 9 contig_1 3768975 23S ribosomal RNA
[10:55:34] 10 contig_1 3772326 16S ribosomal RNA
[10:55:34] 11 contig_1 4326974 16S ribosomal RNA
[10:55:34] 12 contig_1 4328869 23S ribosomal RNA
[10:55:34] 13 contig_1 4331866 5S ribosomal RNA
[10:55:34] 14 contig_1 4420512 16S ribosomal RNA
[10:55:34] 15 contig_1 4422499 23S ribosomal RNA
[10:55:34] 16 contig_1 4425494 5S ribosomal RNA
[10:55:34] 17 contig_1 4587089 16S ribosomal RNA
[10:55:34] 18 contig_1 4588984 23S ribosomal RNA
[10:55:34] 19 contig_1 4591985 5S ribosomal RNA
[10:55:34] 20 contig_1 4628183 16S ribosomal RNA
[10:55:34] 21 contig_1 4630078 23S ribosomal RNA
[10:55:34] 22 contig_1 4633079 5S ribosomal RNA
[10:55:34] Found 22 rRNAs
[10:55:34] Skipping ncRNA search, enable with --rfam if desired.
[10:55:34] Total of 114 tRNA + rRNA features
[10:55:34] Searching for CRISPR repeats
[10:55:35] Found 0 CRISPRs
[10:55:35] Predicting coding sequences
[10:55:35] Contigs total 5481946 bp, so using single mode
[10:55:35] Running: prodigal -i prokka_flye\/flye\.fna -c -m -g 11 -p single -f sco -q
[10:55:45] Excluding CDS which overlaps existing RNA (rRNA) at contig_1:91476..91730 on + strand
[10:55:46] Excluding CDS which overlaps existing RNA (tRNA) at contig_1:308200..308445 on + strand
[10:55:46] Excluding CDS which overlaps existing RNA (tRNA) at contig_1:846329..848614 on + strand
[10:55:47] Excluding CDS which overlaps existing RNA (tRNA) at contig_1:1380327..1380773 on + strand
[10:55:49] Excluding CDS which overlaps existing RNA (tRNA) at contig_1:2452928..2453053 on - strand
[10:55:49] Excluding CDS which overlaps existing RNA (tRNA) at contig_1:2799260..2799511 on - strand
[10:55:50] Excluding CDS which overlaps existing RNA (rRNA) at contig_1:2925801..2926055 on - strand
[10:55:50] Excluding CDS which overlaps existing RNA (tRNA) at contig_1:3022927..3023319 on + strand
[10:55:51] Excluding CDS which overlaps existing RNA (tRNA) at contig_1:3768596..3769123 on + strand
[10:55:51] Excluding CDS which overlaps existing RNA (rRNA) at contig_1:3772425..3772679 on - strand
[10:55:51] Excluding CDS which overlaps existing RNA (rRNA) at contig_1:4328158..4328412 on + strand
[10:55:52] Excluding CDS which overlaps existing RNA (rRNA) at contig_1:4421696..4421950 on + strand
[10:55:52] Excluding CDS which overlaps existing RNA (rRNA) at contig_1:4588273..4588527 on + strand
[10:55:52] Excluding CDS which overlaps existing RNA (rRNA) at contig_1:4629367..4629621 on + strand
[10:55:52] Found 5157 CDS
[10:55:52] Connecting features back to sequences
[10:55:52] Not using genus-specific database. Try --usegenus to enable it.
[10:55:52] Annotating CDS, please be patient.
[10:55:52] Will use 8 CPUs for similarity searching.
[10:55:54] There are still 5157 unannotated CDS left (started with 5157)
[10:55:54] Will use blast to search against /home/hannah/miniconda3/envs/prokka/bin/../db/kingdom/Bacteria/sprot with 8 CPUs
[10:55:54] Running: cat prokka_flye\/sprot\.faa | parallel --gnu --plain -j 8 --block 102018 --recstart '>' --pipe blastp -query - -db /home/hannah/miniconda3/envs/prokka/bin/../db/kingdom/Bacteria/sprot -evalue 1e-06 -num_threads 1 -num_descriptions 1 -num_alignments 1 -seg no > prokka_flye\/sprot\.blast 2> /dev/null
[10:58:14] Modify product: Uncharacterized protein YcbX => putative protein YcbX
[10:58:14] Modify product: UPF0319 protein HI_1681 => hypothetical protein
[10:58:14] Modify product: Uncharacterized protein YccU => putative protein YccU
[10:58:14] Modify product: Probable Ni/Fe-hydrogenase 1 B-type cytochrome subunit => putative Ni/Fe-hydrogenase 1 B-type cytochrome subunit
[10:58:14] Modify product: Uncharacterized protein YccJ => putative protein YccJ
[10:58:14] Modify product: Probable malonic semialdehyde reductase RutE => putative malonic semialdehyde reductase RutE
[10:58:14] Modify product: Probable phosphatase YcdX => putative phosphatase YcdX
[10:58:14] Modify product: Uncharacterized protein YmdA => putative protein YmdA
[10:58:14] Modify product: UPF0176 protein YceA => hypothetical protein
[10:58:14] Modify product: Cytochrome b561 homolog 2 => Cytochrome b561 
[10:58:14] Modify product: Uncharacterized protein YceO => putative protein YceO
[10:58:14] Modify product: Uncharacterized lipoprotein YceB => putative lipoprotein YceB
[10:58:14] Modify product: UPF0502 protein YceH => hypothetical protein
[10:58:14] Modify product: Uncharacterized metal-dependent hydrolase YcfH => putative metal-dependent hydrolase YcfH
[10:58:14] Modify product: UPF0227 protein YcfP => hypothetical protein
[10:58:14] Modify product: Probable L,D-transpeptidase YcfS => putative L,D-transpeptidase YcfS
[10:58:14] Modify product: Uncharacterized protein YdfR => putative protein YdfR
[10:58:14] Modify product: Prophage tail fiber assembly protein homolog TfaE => Prophage tail fiber assembly protein TfaE
[10:58:14] Modify product: Uncharacterized protein YlcG => putative protein YlcG
[10:58:14] Modify product: Uncharacterized ABC transporter ATP-binding protein HI_1470 => putative ABC transporter ATP-binding protein
[10:58:14] Modify product: Uncharacterized protein YdfO => putative protein YdfO
[10:58:16] Modify product: Probable two-component-system connector protein YcgZ => putative two-component-system connector protein YcgZ
[10:58:16] Modify product: Probable two-component-system connector protein AriR => putative two-component-system connector protein AriR
[10:58:16] Modify product: Uncharacterized protein YmgC => putative protein YmgC
[10:58:16] Modify product: Probable cyclic di-GMP phosphodiesterase PdeG => putative cyclic di-GMP phosphodiesterase PdeG
[10:58:16] Modify product: Uncharacterized protein YmgD => putative protein YmgD
[10:58:16] Modify product: Probable autotransporter ROD_p1121 => putative autotransporter
[10:58:16] Modify product: Uncharacterized protein YcgM => putative protein YcgM
[10:58:16] Modify product: Uncharacterized ABC transporter ATP-binding protein HI_1470 => putative ABC transporter ATP-binding protein
[10:58:16] Modify product: Probable ABC transporter permease protein HI_1471 => putative ABC transporter permease protein
[10:58:16] Modify product: Probable autotransporter ROD_p1121 => putative autotransporter
[10:58:16] Modify product: Probable diguanylate cyclase DgcQ => putative diguanylate cyclase DgcQ
[10:58:16] Modify product: UPF0056 inner membrane protein MarC => hypothetical protein
[10:58:16] Modify product: Probable amino-acid metabolite efflux pump => putative amino-acid metabolite efflux pump
[10:58:16] Modify product: Uncharacterized protein YneM => putative protein YneM
[10:58:16] Modify product: Prophage tail fiber assembly protein homolog TfaE => Prophage tail fiber assembly protein TfaE
[10:58:16] Modify product: Uncharacterized protein YdfO => putative protein YdfO
[10:58:16] Modify product: Uncharacterized protein YdfR => putative protein YdfR
[10:58:16] Modify product: Uncharacterized protein YdfB => putative protein YdfB
[10:58:16] Modify product: UPF0060 membrane protein YnfA => hypothetical protein
[10:58:16] Modify product: UPF0482 protein YnfB => hypothetical protein
[10:58:16] Modify product: Uncharacterized protein YnfD => putative protein YnfD
[10:58:16] Modify product: Probable dimethyl sulfoxide reductase chain YnfF => putative dimethyl sulfoxide reductase chain YnfF
[10:58:17] Modify product: Uncharacterized oxidoreductase YdgJ => putative oxidoreductase YdgJ
[10:58:17] Modify product: Uncharacterized protein YnhF => putative protein YnhF
[10:58:17] Modify product: Uncharacterized HTH-type transcriptional regulator YahB => putative HTH-type transcriptional regulator YahB
[10:58:17] Modify product: Probable autotransporter ROD_p1121 => putative autotransporter
[10:58:17] Modify product: Uncharacterized protein YdhT => putative protein YdhT
[10:58:17] Modify product: Uncharacterized ferredoxin-like protein YdhX => putative ferredoxin-like protein YdhX
[10:58:17] Modify product: Uncharacterized protein YdhW => putative protein YdhW
[10:58:17] Modify product: Uncharacterized oxidoreductase YdhV => putative oxidoreductase YdhV
[10:58:17] Modify product: Uncharacterized ferredoxin-like protein YdhY => putative ferredoxin-like protein YdhY
[10:58:17] Modify product: Probable L,D-transpeptidase YnhG => putative L,D-transpeptidase YnhG
[10:58:17] Modify product: Probable ATP-dependent transporter SufC => putative ATP-dependent transporter SufC
[10:58:17] Modify product: Uncharacterized protein HI_1163 => putative protein
[10:58:17] Modify product: Uncharacterized protein YdiE => putative protein YdiE
[10:58:17] Modify product: Uncharacterized protein YniD => putative protein YniD
[10:58:17] Modify product: Uncharacterized HTH-type transcriptional regulator YdjF => putative HTH-type transcriptional regulator YdjF
[10:58:17] Modify product: Uncharacterized sugar kinase YdjH => putative sugar kinase YdjH
[10:58:17] Modify product: Probable fructose-bisphosphate aldolase => putative fructose-bisphosphate aldolase
[10:58:17] Modify product: Uncharacterized zinc-type alcohol dehydrogenase-like protein YdjJ => putative zinc-type alcohol dehydrogenase-like protein YdjJ
[10:58:17] Modify product: Stress response UPF0229 protein YhbH => hypothetical protein
[10:58:17] Modify product: Probable diguanylate cyclase CdgI => putative diguanylate cyclase CdgI
[10:58:17] Modify product: Probable diguanylate cyclase DgcJ => putative diguanylate cyclase DgcJ
[10:58:17] Modify product: Uncharacterized protein YeaR => putative protein YeaR
[10:58:17] Modify product: Probable ATP-dependent helicase DinG homolog => putative ATP-dependent helicase DinG 
[10:58:17] Modify product: Probable cyclic di-GMP phosphodiesterase PdeD => putative cyclic di-GMP phosphodiesterase PdeD
[10:58:17] Modify product: UPF0053 inner membrane protein YoaE => hypothetical protein
[10:58:17] Modify product: UPF0266 membrane protein YobD => hypothetical protein
[10:58:17] Modify product: Probable manganese efflux pump MntP => putative manganese efflux pump MntP
[10:58:17] Modify product: UPF0231 protein YacL => hypothetical protein
[10:58:17] Modify product: Uncharacterized ABC transporter ATP-binding protein YadG => putative ABC transporter ATP-binding protein YadG
[10:58:17] Modify product: Uncharacterized fimbrial-like protein YadC => putative fimbrial-like protein YadC
[10:58:17] Modify product: Uncharacterized fimbrial-like protein YadK => putative fimbrial-like protein YadK
[10:58:17] Modify product: Uncharacterized fimbrial-like protein YadM => putative fimbrial-like protein YadM
[10:58:17] Modify product: Probable fimbrial chaperone YadV => putative fimbrial chaperone YadV
[10:58:17] Modify product: Uncharacterized fimbrial-like protein YadN => putative fimbrial-like protein YadN
[10:58:17] Modify product: UPF0126 inner membrane protein YadS => hypothetical protein
[10:58:17] Modify product: UPF0253 protein YaeP => hypothetical protein
[10:58:17] Modify product: Uncharacterized protein YaeQ => putative protein YaeQ
[10:58:17] Modify product: Uncharacterized methyltransferase YcgJ => putative methyltransferase YcgJ
[10:58:17] Modify product: Uncharacterized N-acetyltransferase YafP => putative N-acetyltransferase YafP
[10:58:17] Modify product: UPF0255 protein VV1_0328 => hypothetical protein
[10:58:17] Modify product: Uncharacterized HTH-type transcriptional regulator HI_1476 => putative HTH-type transcriptional regulator
[10:58:17] Modify product: Prophage tail fiber assembly protein homolog TfaE => Prophage tail fiber assembly protein TfaE
[10:58:17] Modify product: Uncharacterized protein PA2218 => putative protein
[10:58:17] Modify product: Probable fimbrial chaperone EcpE => putative fimbrial chaperone EcpE
[10:58:17] Modify product: Probable outer membrane usher protein EcpC => putative outer membrane usher protein EcpC
[10:58:17] Modify product: Probable fimbrial chaperone EcpB => putative fimbrial chaperone EcpB
[10:58:17] Modify product: Uncharacterized membrane protein YkgR => putative membrane protein YkgR
[10:58:17] Modify product: Uncharacterized protein YcjY => putative protein YcjY
[10:58:17] Modify product: Uncharacterized oxidoreductase YtbE => putative oxidoreductase YtbE
[10:58:17] Modify product: Probable pyridine nucleotide-disulfide oxidoreductase RclA => putative pyridine nucleotide-disulfide oxidoreductase RclA
[10:58:17] Modify product: Uncharacterized HTH-type transcriptional regulator YahB => putative HTH-type transcriptional regulator YahB
[10:58:17] Modify product: Uncharacterized transporter YycB => putative transporter YycB
[10:58:17] Modify product: Uncharacterized protein HI_1672 => putative protein
[10:58:17] Modify product: Uncharacterized protein YebV => putative protein YebV
[10:58:17] Modify product: Probable transcriptional regulatory protein YebC => putative transcriptional regulatory protein YebC
[10:58:17] Modify product: UPF0394 inner membrane protein YedE => hypothetical protein
[10:58:17] Modify product: UPF0098 protein YbcL => hypothetical protein
[10:58:17] Modify product: Probable diguanylate cyclase DgcQ => putative diguanylate cyclase DgcQ
[10:58:17] Modify product: Probable diguanylate cyclase DgcQ => putative diguanylate cyclase DgcQ
[10:58:17] Modify product: Uncharacterized inner membrane transporter YedA => putative inner membrane transporter YedA
[10:58:17] Modify product: Uncharacterized protein YedJ => putative protein YedJ
[10:58:17] Modify product: Probable sensor-like histidine kinase YedV => putative sensor-like histidine kinase YedV
[10:58:17] Modify product: Probable transcriptional regulatory protein YedW => putative transcriptional regulatory protein YedW
[10:58:17] Modify product: Cytochrome b561 homolog 1 => Cytochrome b561 
[10:58:17] Modify product: Putative multidrug export ATP-binding/permease protein SA1683 => Putative multidrug export ATP-binding/permease protein
[10:58:17] Modify product: Probable transcriptional regulatory protein YeeN => putative transcriptional regulatory protein YeeN
[10:58:17] Modify product: Probable FMN/FAD exporter YeeO => putative FMN/FAD exporter YeeO
[10:58:17] Modify product: Probable L,D-transpeptidase ErfK/SrfK => putative L,D-transpeptidase ErfK/SrfK
[10:58:17] Modify product: UPF0401 protein YkfF => hypothetical protein
[10:58:17] Modify product: UPF0758 protein CT0611 => hypothetical protein
[10:58:17] Modify product: UPF0265 protein YeeX => hypothetical protein
[10:58:17] Modify product: UPF0394 inner membrane protein YeeE => hypothetical protein
[10:58:17] Modify product: Uncharacterized glycosyltransferase Rv1514c => putative glycosyltransferase
[10:58:17] Modify product: UPF0053 inner membrane protein YoaE => hypothetical protein
[10:58:17] Modify product: Probable diguanylate cyclase DgcE => putative diguanylate cyclase DgcE
[10:58:17] Modify product: UPF0339 protein YegP => hypothetical protein
[10:58:17] Modify product: Uncharacterized protease YdcP => putative protease YdcP
[10:58:17] Modify product: Uncharacterized fimbrial-like protein YehA => putative fimbrial-like protein YehA
[10:58:17] Modify product: Probable fimbrial chaperone YehC => putative fimbrial chaperone YehC
[10:58:17] Modify product: Uncharacterized fimbrial-like protein YehD => putative fimbrial-like protein YehD
[10:58:17] Modify product: Uncharacterized protein YehL => putative protein YehL
[10:58:17] Modify product: Uncharacterized lipoprotein YehR => putative lipoprotein YehR
[10:58:17] Modify product: UPF0225 protein YchJ => hypothetical protein
[10:58:17] Modify product: Uncharacterized NTE family protein Rv1063c => putative NTE family protein
[10:58:17] Modify product: UPF0056 inner membrane protein MarC => hypothetical protein
[10:58:17] Modify product: UPF0263 protein YciU => hypothetical protein
[10:58:17] Modify product: Uncharacterized acyl-CoA thioester hydrolase HI_0827 => putative acyl-CoA thioester hydrolase
[10:58:17] Modify product: Probable intracellular septation protein A => putative intracellular septation protein A
[10:58:17] Modify product: UPF0259 membrane protein YciC => hypothetical protein
[10:58:17] Modify product: Probable 9-O-acetyl-N-acetylneuraminic acid deacetylase => putative 9-O-acetyl-N-acetylneuraminic acid deacetylase
[10:58:17] Modify product: Uncharacterized protein YdfR => putative protein YdfR
[10:58:17] Modify product: Prophage tail fiber assembly protein homolog TfaE => Prophage tail fiber assembly protein TfaE
[10:58:17] Modify product: Uncharacterized protein YciO => putative protein YciO
[10:58:17] Modify product: Uncharacterized oxidoreductase YciK => putative oxidoreductase YciK
[10:58:17] Modify product: Probable protease SohB => putative protease SohB
[10:58:17] Modify product: Uncharacterized protein YmiA => putative protein YmiA
[10:58:17] Modify product: Uncharacterized protein YciH => putative protein YciH
[10:58:17] Modify product: Uncharacterized protein HI_1162 => putative protein
[10:58:17] Modify product: Uncharacterized protein YcjX => putative protein YcjX
[10:58:17] Modify product: UPF0283 membrane protein YcjF => hypothetical protein
[10:58:17] Modify product: Uncharacterized protein YcjY => putative protein YcjY
[10:58:17] Modify product: Probable DNA endonuclease SmrA => putative DNA endonuclease SmrA
[10:58:17] Modify product: Uncharacterized protein YnbC => putative protein YnbC
[10:58:17] Modify product: Uncharacterized protein YnbD => putative protein YnbD
[10:58:18] Modify product: Uncharacterized protein Rv3292 => putative protein
[10:58:18] Modify product: Uncharacterized protease YdcP => putative protease YdcP
[10:58:18] Modify product: Probable mRNA interferase toxin HicA => putative mRNA interferase toxin HicA
[10:58:18] Modify product: Uncharacterized protein YdcY => putative protein YdcY
[10:58:18] Modify product: Uncharacterized protein YncE => putative protein YncE
[10:58:18] Modify product: Uncharacterized isomerase YddE => putative isomerase YddE
[10:58:18] Modify product: Probable nitrate reductase molybdenum cofactor assembly chaperone NarW => putative nitrate reductase molybdenum cofactor assembly chaperone NarW
[10:58:18] Modify product: Probable E3 ubiquitin-protein ligase ipaH7.8 => putative E3 ubiquitin-protein ligase ipaH7.8
[10:58:18] Modify product: Uncharacterized HTH-type transcriptional regulator YddM => putative HTH-type transcriptional regulator YddM
[10:58:18] Modify product: Probable D,D-dipeptide transport ATP-binding protein DdpF => putative D,D-dipeptide transport ATP-binding protein DdpF
[10:58:18] Modify product: Probable D,D-dipeptide transport ATP-binding protein DdpD => putative D,D-dipeptide transport ATP-binding protein DdpD
[10:58:18] Modify product: Probable D,D-dipeptide transport system permease protein DdpC => putative D,D-dipeptide transport system permease protein DdpC
[10:58:18] Modify product: Probable D,D-dipeptide transport system permease protein DdpB => putative D,D-dipeptide transport system permease protein DdpB
[10:58:18] Modify product: Probable D,D-dipeptide-binding periplasmic protein DdpA => putative D,D-dipeptide-binding periplasmic protein DdpA
[10:58:18] Modify product: Probable glutamate/gamma-aminobutyrate antiporter => putative glutamate/gamma-aminobutyrate antiporter
[10:58:18] Modify product: UPF0387 membrane protein YohO => hypothetical protein
[10:58:18] Modify product: UPF0299 membrane protein YohJ => hypothetical protein
[10:58:18] Modify product: UPF0324 inner membrane protein YeiH => hypothetical protein
[10:58:18] Modify product: UPF0153 protein YeiW => hypothetical protein
[10:58:18] Modify product: Probable cyclic di-GMP phosphodiesterase PdeN => putative cyclic di-GMP phosphodiesterase PdeN
[10:58:18] Modify product: Uncharacterized ABC transporter ATP-binding protein YejF => putative ABC transporter ATP-binding protein YejF
[10:58:18] Modify product: Uncharacterized protein YejG => putative protein YejG
[10:58:18] Modify product: UPF0352 protein YejL => hypothetical protein
[10:58:18] Modify product: Probable autotransporter ROD_p1121 => putative autotransporter
[10:58:18] Modify product: Probable autotransporter YfaL => putative autotransporter YfaL
[10:58:18] Modify product: Uncharacterized MFS-type transporter YhhS => putative MFS-type transporter YhhS
[10:58:18] Modify product: Probable 4-deoxy-4-formamido-L-arabinose-phosphoundecaprenol deformylase ArnD => putative 4-deoxy-4-formamido-L-arabinose-phosphoundecaprenol deformylase ArnD
[10:58:18] Modify product: Probable 4-amino-4-deoxy-L-arabinose-phosphoundecaprenol flippase subunit ArnE => putative 4-amino-4-deoxy-L-arabinose-phosphoundecaprenol flippase subunit ArnE
[10:58:18] Modify product: Probable 4-amino-4-deoxy-L-arabinose-phosphoundecaprenol flippase subunit ArnF => putative 4-amino-4-deoxy-L-arabinose-phosphoundecaprenol flippase subunit ArnF
[10:58:18] Modify product: UPF0039 protein Rv2851c => hypothetical protein
[10:58:18] Modify product: UPF0304 protein YfbU => hypothetical protein
[10:58:18] Modify product: UPF0208 membrane protein YfbV => hypothetical protein
[10:58:18] Modify product: Uncharacterized Nudix hydrolase YfcD => putative Nudix hydrolase YfcD
[10:58:18] Modify product: Epimerase family protein SA0724 => Epimerase family protein
[10:58:18] Modify product: Uncharacterized MFS-type transporter YfcJ => putative MFS-type transporter YfcJ
[10:58:18] Modify product: Probable membrane transporter protein YfcA => putative membrane transporter protein YfcA
[10:58:18] Modify product: Uncharacterized protein YfcO => putative protein YfcO
[10:58:18] Modify product: Uncharacterized fimbrial-like protein YfcP => putative fimbrial-like protein YfcP
[10:58:18] Modify product: Uncharacterized fimbrial-like protein YfcQ => putative fimbrial-like protein YfcQ
[10:58:18] Modify product: Uncharacterized fimbrial-like protein YfcR => putative fimbrial-like protein YfcR
[10:58:18] Modify product: Probable fimbrial chaperone YfcS => putative fimbrial chaperone YfcS
[10:58:18] Modify product: Uncharacterized fimbrial-like protein YfcV => putative fimbrial-like protein YfcV
[10:58:18] Modify product: UPF0381 protein YiiS => hypothetical protein
[10:58:18] Modify product: Probable phospholipid-binding lipoprotein MlaA => putative phospholipid-binding lipoprotein MlaA
[10:58:18] Modify product: Probable multidrug resistance protein EmrY => putative multidrug resistance protein EmrY
[10:58:18] Modify product: Probable multidrug resistance protein EmrK => putative multidrug resistance protein EmrK
[10:58:18] Modify product: Probable cyclic di-GMP phosphodiesterase PdeA => putative cyclic di-GMP phosphodiesterase PdeA
[10:58:18] Modify product: Probable deferrochelatase/peroxidase YfeX => putative deferrochelatase/peroxidase YfeX
[10:58:18] Modify product: Uncharacterized protein YfeY => putative protein YfeY
[10:58:18] Modify product: Probable diguanylate cyclase DgcC => putative diguanylate cyclase DgcC
[10:58:18] Modify product: UPF0178 protein YaiI => hypothetical protein
[10:58:18] Modify product: Uncharacterized protein YaiA => putative protein YaiA
[10:58:18] Modify product: Uncharacterized lipoprotein YajI => putative lipoprotein YajI
[10:58:18] Modify product: UPF0234 protein YajQ => hypothetical protein
[10:58:18] Modify product: Uncharacterized protein HI_1008 => putative protein
[10:58:18] Modify product: Probable multidrug resistance ABC transporter ATP-binding/permease protein YheI => putative multidrug resistance ABC transporter ATP-binding/permease protein YheI
[10:58:18] Modify product: Uncharacterized lipoprotein YbaY => putative lipoprotein YbaY
[10:58:18] Modify product: Uncharacterized protein YbaA => putative protein YbaA
[10:58:18] Modify product: Probable cyclic di-GMP phosphodiesterase PdeB => putative cyclic di-GMP phosphodiesterase PdeB
[10:58:18] Modify product: Probable iron export ATP-binding protein FetA => putative iron export ATP-binding protein FetA
[10:58:18] Modify product: Probable iron export permease protein FetB => putative iron export permease protein FetB
[10:58:18] Modify product: Uncharacterized protein YbbN => putative protein YbbN
[10:58:18] Modify product: Uncharacterized oxidoreductase Rv0484c => putative oxidoreductase
[10:58:18] Modify product: Uncharacterized protein YbcJ => putative protein YbcJ
[10:58:18] Modify product: Bifunctional protein FolD => Bifunctional protein FolD protein
[10:58:18] Modify product: Uncharacterized fimbrial-like protein SfmA => putative fimbrial-like protein SfmA
[10:58:18] Modify product: Probable fimbrial chaperone SfmC => putative fimbrial chaperone SfmC
[10:58:18] Modify product: Uncharacterized fimbrial-like protein SfmH => putative fimbrial-like protein SfmH
[10:58:18] Modify product: Uncharacterized fimbrial-like protein SfmF => putative fimbrial-like protein SfmF
[10:58:18] Modify product: Uncharacterized protein YjbR => putative protein YjbR
[10:58:18] Modify product: Uncharacterized protein YbdM => putative protein YbdM
[10:58:18] Modify product: Uncharacterized HTH-type transcriptional regulator YbdO => putative HTH-type transcriptional regulator YbdO
[10:58:18] Modify product: Uncharacterized HTH-type transcriptional regulator YbdO => putative HTH-type transcriptional regulator YbdO
[10:58:18] Modify product: UPF0250 protein YbeD => hypothetical protein
[10:58:18] Modify product: Probable glutamine ABC transporter permease protein GlnM => putative glutamine ABC transporter permease protein GlnM
[10:58:18] Modify product: Uncharacterized lipoprotein ChiQ => putative lipoprotein ChiQ
[10:58:18] Modify product: Uncharacterized protein YbfE => putative protein YbfE
[10:58:18] Modify product: GTP cyclohydrolase 1 type 2 homolog => GTP cyclohydrolase 1 type 2 
[10:58:18] Modify product: Uncharacterized protein YbgJ => putative protein YbgJ
[10:58:18] Modify product: Uncharacterized protein YbgK => putative protein YbgK
[10:58:18] Modify product: UPF0271 protein YbgL => hypothetical protein
[10:58:18] Modify product: Uncharacterized fimbrial-like protein YbgD => putative fimbrial-like protein YbgD
[10:58:18] Modify product: Uncharacterized ABC transporter ATP-binding protein YlmA => putative ABC transporter ATP-binding protein YlmA
[10:58:18] Modify product: UPF0098 protein YbhB => hypothetical protein
[10:58:18] Modify product: Probable multidrug ABC transporter permease YbhR => putative multidrug ABC transporter permease YbhR
[10:58:18] Modify product: Probable multidrug ABC transporter permease YbhS => putative multidrug ABC transporter permease YbhS
[10:58:18] Modify product: Probable multidrug ABC transporter ATP-binding protein YbhF => putative multidrug ABC transporter ATP-binding protein YbhF
[10:58:18] Modify product: UPF0194 membrane protein YbhG => hypothetical protein
[10:58:18] Modify product: Uncharacterized protein YbiB => putative protein YbiB
[10:58:18] Modify product: Uncharacterized protein YbiI => putative protein YbiI
[10:58:18] Modify product: PKHD-type hydroxylase Sbal_3634 => PKHD-type hydroxylase
[10:58:18] Modify product: Uncharacterized protein McbA => putative protein McbA
[10:58:19] Modify product: Probable L,D-transpeptidase YbiS => putative L,D-transpeptidase YbiS
[10:58:19] Modify product: Uncharacterized ABC transporter ATP-binding protein YbiT => putative ABC transporter ATP-binding protein YbiT
[10:58:19] Modify product: Uncharacterized protein YbiU => putative protein YbiU
[10:58:19] Modify product: Probable cyclic di-GMP phosphodiesterase PdeI => putative cyclic di-GMP phosphodiesterase PdeI
[10:58:19] Modify product: Uncharacterized protein YbjN => putative protein YbjN
[10:58:19] Modify product: Uncharacterized lipoprotein YbjP => putative lipoprotein YbjP
[10:58:19] Modify product: UPF0145 protein YbjQ => hypothetical protein
[10:58:19] Modify product: Uncharacterized protein HI_0461 => putative protein
[10:58:19] Modify product: Probable hydrolase YcaC => putative hydrolase YcaC
[10:58:19] Modify product: Uncharacterized MFS-type transporter YcaD => putative MFS-type transporter YcaD
[10:58:19] Modify product: Probable formate transporter 1 => putative formate transporter 1
[10:58:19] Modify product: UPF0702 transmembrane protein YetF => hypothetical protein
[10:58:19] Modify product: Uncharacterized metalloprotease YcaL => putative metalloprotease YcaL
[10:58:19] Modify product: UPF0434 protein YcaR => hypothetical protein
[10:58:19] Modify product: Probable UbiX-like flavin prenyltransferase => putative UbiX-like flavin prenyltransferase
[10:58:19] Modify product: Uncharacterized protein YgcP => putative protein YgcP
[10:58:19] Modify product: Uncharacterized FAD-linked oxidoreductase Rv2280 => putative FAD-linked oxidoreductase
[10:58:19] Modify product: Probable glucarate transporter => putative glucarate transporter
[10:58:19] Modify product: Uncharacterized protein PA3435 => putative protein
[10:58:19] Modify product: Uncharacterized protein YqcC => putative protein YqcC
[10:58:19] Modify product: Uncharacterized HTH-type transcriptional regulator YdjF => putative HTH-type transcriptional regulator YdjF
[10:58:19] Modify product: UPF0382 inner membrane protein YgdD => hypothetical protein
[10:58:19] Modify product: Uncharacterized lipoprotein YgdR => putative lipoprotein YgdR
[10:58:19] Modify product: UPF0053 inner membrane protein YgdQ => hypothetical protein
[10:58:19] Modify product: Uncharacterized lipoprotein YgdR => putative lipoprotein YgdR
[10:58:19] Modify product: Uncharacterized protein YqeL => putative protein YqeL
[10:58:19] Modify product: Probable ATP synthase SpaL => putative ATP synthase SpaL
[10:58:19] Modify product: Probable xanthine dehydrogenase subunit A => putative xanthine dehydrogenase subunit A
[10:58:19] Modify product: Uncharacterized protein YqfG => putative protein YqfG
[10:58:19] Modify product: UPF0073 inner membrane protein YqfA => hypothetical protein
[10:58:19] Modify product: UPF0267 protein YqfB => hypothetical protein
[10:58:19] Modify product: UPF0149 protein HI_0817 => hypothetical protein
[10:58:19] Modify product: Solute-binding protein Dde_0634 => Solute-binding protein
[10:58:19] Modify product: UPF0301 protein YqgE => hypothetical protein
[10:58:19] Modify product: Uncharacterized protein YggR => putative protein YggR
[10:58:19] Modify product: UPF0235 protein YggU => hypothetical protein
[10:58:19] Modify product: Solute-binding protein Bamb_6123 => Solute-binding protein
[10:58:19] Modify product: Uncharacterized protein HI_0341 => putative protein
[10:58:19] Modify product: Probable Fe(2+)-trafficking protein => putative Fe(2+)-trafficking protein
[10:58:19] Modify product: Uncharacterized membrane protein YdfK => putative membrane protein YdfK
[10:58:19] Modify product: Probable 9-O-acetyl-N-acetylneuraminic acid deacetylase => putative 9-O-acetyl-N-acetylneuraminic acid deacetylase
[10:58:19] Modify product: Uncharacterized protein Rv2575 => putative protein
[10:58:19] Modify product: Probable formate transporter 2 => putative formate transporter 2
[10:58:19] Modify product: Uncharacterized protein YfgD => putative protein YfgD
[10:58:19] Modify product: Uncharacterized protein YfgJ => putative protein YfgJ
[10:58:19] Modify product: UPF0070 protein HI_0370 => hypothetical protein
[10:58:19] Modify product: Uncharacterized lipoprotein YfhM => putative lipoprotein YfhM
[10:58:19] Modify product: Uncharacterized protein Rv2307c => putative protein
[10:58:19] Modify product: Probable 3-phenylpropionic acid transporter => putative 3-phenylpropionic acid transporter
[10:58:19] Modify product: Uncharacterized protein YphB => putative protein YphB
[10:58:19] Modify product: Uncharacterized tRNA/rRNA methyltransferase YfiF => putative tRNA/rRNA methyltransferase YfiF
[10:58:19] Modify product: UPF0053 inner membrane protein YfjD => hypothetical protein
[10:58:19] Modify product: UPF0125 protein RatB => hypothetical protein
[10:58:19] Modify product: Uncharacterized protein YyaP => putative protein YyaP
[10:58:19] Modify product: Probable autotransporter ROD_p1121 => putative autotransporter
[10:58:19] Modify product: Uncharacterized protein YgaU => putative protein YgaU
[10:58:19] Modify product: Probable HTH-type transcriptional regulator YgaV => putative HTH-type transcriptional regulator YgaV
[10:58:19] Modify product: Uncharacterized protein YgaM => putative protein YgaM
[10:58:19] Modify product: Probable transporter SCO4007 => putative transporter
[10:58:20] Modify product: Uncharacterized protein YcjY => putative protein YcjY
[10:58:20] Modify product: Probable N-acetylneuraminic acid outer membrane channel protein NanC => putative N-acetylneuraminic acid outer membrane channel protein NanC
[10:58:20] Modify product: UPF0758 protein YsxA => hypothetical protein
[10:58:20] Modify product: Uncharacterized FAD-linked oxidoreductase Rv2280 => putative FAD-linked oxidoreductase
[10:58:20] Modify product: Uncharacterized FAD-linked oxidoreductase Rv2280 => putative FAD-linked oxidoreductase
[10:58:20] Modify product: Uncharacterized protein YtfJ => putative protein YtfJ
[10:58:20] Modify product: Probable Ni/Fe-hydrogenase 2 b-type cytochrome subunit => putative Ni/Fe-hydrogenase 2 b-type cytochrome subunit
[10:58:20] Modify product: Uncharacterized oxidoreductase YghA => putative oxidoreductase YghA
[10:58:20] Modify product: Probable deoxycholate-binding periplasmic protein YgiS => putative deoxycholate-binding periplasmic protein YgiS
[10:58:20] Modify product: Probable quinol monooxygenase YgiN => putative quinol monooxygenase YgiN
[10:58:20] Modify product: Uncharacterized protein YqiC => putative protein YqiC
[10:58:20] Modify product: Probable glycerol-3-phosphate acyltransferase => putative glycerol-3-phosphate acyltransferase
[10:58:20] Modify product: Uncharacterized protein YqjD => putative protein YqjD
[10:58:20] Modify product: UPF0597 protein YhaM => hypothetical protein
[10:58:20] Modify product: Probable serine transporter => putative serine transporter
[10:58:20] Modify product: Probable galactarate transporter => putative galactarate transporter
[10:58:20] Modify product: UPF0102 protein RPA0323 => hypothetical protein
[10:58:20] Modify product: UPF0213 protein BH0048 => hypothetical protein
[10:58:20] Modify product: Uncharacterized protease YhbU => putative protease YhbU
[10:58:20] Modify product: Uncharacterized inner membrane transporter YhbE => putative inner membrane transporter YhbE
[10:58:20] Modify product: Probable phospholipid ABC transporter-binding protein MlaB => putative phospholipid ABC transporter-binding protein MlaB
[10:58:20] Modify product: Probable phospholipid-binding protein MlaC => putative phospholipid-binding protein MlaC
[10:58:20] Modify product: Probable phospholipid ABC transporter-binding protein MlaD => putative phospholipid ABC transporter-binding protein MlaD
[10:58:20] Modify product: Probable phospholipid ABC transporter permease protein MlaE => putative phospholipid ABC transporter permease protein MlaE
[10:58:20] Modify product: Probable phospholipid import ATP-binding protein MlaF => putative phospholipid import ATP-binding protein MlaF
[10:58:20] Modify product: Uncharacterized protein YrbL => putative protein YrbL
[10:58:20] Modify product: Uncharacterized protein YhcH => putative protein YhcH
[10:58:20] Modify product: Uncharacterized protein YhcO => putative protein YhcO
[10:58:20] Modify product: Probable lipoprotein YiaD => putative lipoprotein YiaD
[10:58:20] Modify product: Uncharacterized protein YhcH => putative protein YhcH
[10:58:20] Modify product: Uncharacterized GST-like protein YibF => putative GST-like protein YibF
[10:58:20] Modify product: Uncharacterized protein YibL => putative protein YibL
[10:58:20] Modify product: Uncharacterized protein YibN => putative protein YibN
[10:58:20] Modify product: Uncharacterized protein HI_0755 => putative protein
[10:58:20] Modify product: Uncharacterized glycosyltransferase EpsJ => putative glycosyltransferase EpsJ
[10:58:20] Modify product: UPF0758 protein SP_1088 => hypothetical protein
[10:58:20] Modify product: UPF0701 protein YicC => hypothetical protein
[10:58:20] Modify product: UPF0126 inner membrane protein YicG => hypothetical protein
[10:58:20] Modify product: Uncharacterized inner membrane transporter YicL => putative inner membrane transporter YicL
[10:58:20] Modify product: Uncharacterized symporter YidK => putative symporter YidK
[10:58:20] Modify product: Probable 2-dehydro-3-deoxygalactonokinase DgoK1 => putative 2-dehydro-3-deoxygalactonokinase DgoK1
[10:58:20] Modify product: Probable minor fimbrial subunit LpfD => putative minor fimbrial subunit LpfD
[10:58:20] Modify product: Probable outer membrane usher protein ElfC => putative outer membrane usher protein ElfC
[10:58:20] Modify product: Probable transport protein HsrA => putative transport protein HsrA
[10:58:20] Modify product: UPF0438 protein YifE => hypothetical protein
[10:58:20] Modify product: Probable ECA polymerase => putative ECA polymerase
[10:58:20] Modify product: Probable transport protein YifK => putative transport protein YifK
[10:58:20] Modify product: Probable protein kinase UbiB => putative protein kinase UbiB
[10:58:20] Modify product: Probable acyltransferase YihG => putative acyltransferase YihG
[10:58:20] Modify product: Probable GTP-binding protein EngB => putative GTP-binding protein EngB
[10:58:20] Modify product: Uncharacterized protein YshB => putative protein YshB
[10:58:20] Modify product: Uncharacterized protein YihR => putative protein YihR
[10:58:20] Modify product: UPF0761 membrane protein YihY => hypothetical protein
[10:58:21] Modify product: UPF0381 protein YiiS => hypothetical protein
[10:58:21] Modify product: Probable cystine transporter YijE => putative cystine transporter YijE
[10:58:21] Modify product: Uncharacterized protein HI_0431 => putative protein
[10:58:21] Modify product: Uncharacterized N-acetyltransferase YjaB => putative N-acetyltransferase YjaB
[10:58:21] Modify product: Uncharacterized lipoprotein GfcB => putative lipoprotein GfcB
[10:58:21] Modify product: UPF0337 protein YjbJ => hypothetical protein
[10:58:21] Modify product: Uncharacterized protein YjbR => putative protein YjbR
[10:58:21] Modify product: Probable cyclic di-GMP phosphodiesterase PdeC => putative cyclic di-GMP phosphodiesterase PdeC
[10:58:21] Modify product: Uncharacterized ferredoxin-like protein YdhX => putative ferredoxin-like protein YdhX
[10:58:21] Modify product: Probable transcriptional regulator PhnF => putative transcriptional regulator PhnF
[10:58:21] Modify product: Uncharacterized protein YjdJ => putative protein YjdJ
[10:58:21] Modify product: Probable fimbrial chaperone YehC => putative fimbrial chaperone YehC
[10:58:21] Modify product: Uncharacterized fimbrial-like protein YehD => putative fimbrial-like protein YehD
[10:58:21] Modify product: Probable peptidoglycan glycosyltransferase FtsW => putative peptidoglycan glycosyltransferase FtsW
[10:58:21] Modify product: Uncharacterized protein YggR => putative protein YggR
[10:58:21] Modify product: UPF0401 protein YkfF => hypothetical protein
[10:58:21] Modify product: Uncharacterized ATPase YjoB => putative ATPase YjoB
[10:58:21] Modify product: UPF0401 protein YkfF => hypothetical protein
[10:58:21] Modify product: Uncharacterized protein HI_1427 => putative protein
[10:58:21] Modify product: Uncharacterized protein YncE => putative protein YncE
[10:58:21] Modify product: Probable TonB-dependent receptor NMB1497 => putative TonB-dependent receptor
[10:58:21] Modify product: Probable acrylyl-CoA reductase AcuI => putative acrylyl-CoA reductase AcuI
[10:58:21] Modify product: Uncharacterized membrane protein YhdT => putative membrane protein YhdT
[10:58:21] Modify product: Probable tRNA-dihydrouridine synthase => putative tRNA-dihydrouridine synthase
[10:58:21] Modify product: Probable glutamine ABC transporter permease protein GlnM => putative glutamine ABC transporter permease protein GlnM
[10:58:21] Modify product: Protein SlyX homolog => Protein SlyX 
[10:58:21] Modify product: Uncharacterized ABC transporter ATP-binding protein YheS => putative ABC transporter ATP-binding protein YheS
[10:58:21] Modify product: UPF0270 protein PA3463 => hypothetical protein
[10:58:21] Modify product: Probable adenosine monophosphate-protein transferase fic => putative adenosine monophosphate-protein transferase fic
[10:58:21] Modify product: Uncharacterized protein YhfG => putative protein YhfG
[10:58:21] Modify product: Uncharacterized protein YhfS => putative protein YhfS
[10:58:21] Modify product: Uncharacterized protein YhfX => putative protein YhfX
[10:58:21] Modify product: Putative membrane protein IgaA homolog => Putative membrane protein IgaA 
[10:58:21] Modify product: Probable [Fe-S]-dependent transcriptional repressor FeoC => putative [Fe-S]-dependent transcriptional repressor FeoC
[10:58:21] Modify product: Uncharacterized fimbrial-like protein SfmH => putative fimbrial-like protein SfmH
[10:58:21] Modify product: Uncharacterized fimbrial chaperone YcbF => putative fimbrial chaperone YcbF
[10:58:21] Modify product: Uncharacterized fimbrial-like protein YcbV => putative fimbrial-like protein YcbV
[10:58:21] Modify product: Uncharacterized fimbrial-like protein YcbU => putative fimbrial-like protein YcbU
[10:58:21] Modify product: Probable outer membrane usher protein ElfC => putative outer membrane usher protein ElfC
[10:58:21] Modify product: UPF0056 inner membrane protein YhgN => hypothetical protein
[10:58:21] Modify product: Uncharacterized oxidoreductase YhhX => putative oxidoreductase YhhX
[10:58:21] Modify product: Uncharacterized protein YhhA => putative protein YhhA
[10:58:21] Modify product: Uncharacterized MFS-type transporter YhhS => putative MFS-type transporter YhhS
[10:58:21] Modify product: Uncharacterized acyl--CoA ligase YhfT => putative acyl--CoA ligase YhfT
[10:58:21] Modify product: Putative esterase aq_1494 => Putative esterase
[10:58:21] Modify product: UPF0194 membrane protein YbhG => hypothetical protein
[10:58:21] Modify product: Uncharacterized protein HI_0933 => putative protein
[10:58:21] Modify product: Probable HTH-type transcriptional regulator YgaV => putative HTH-type transcriptional regulator YgaV
[10:58:21] Modify product: Oxygen-independent coproporphyrinogen-III oxidase-like protein sll1917 => Oxygen-independent coproporphyrinogen-III oxidase-like protein
[10:58:21] Modify product: Probable cyclic di-GMP phosphodiesterase PdeK => putative cyclic di-GMP phosphodiesterase PdeK
[10:58:21] Modify product: Uncharacterized MFS-type transporter YhjX => putative MFS-type transporter YhjX
[10:58:21] Modify product: Uncharacterized N-acetyltransferase YjaB => putative N-acetyltransferase YjaB
[10:58:21] Modify product: Probable cadaverine/lysine antiporter => putative cadaverine/lysine antiporter
[10:58:21] Modify product: UPF0716 protein FxsA => hypothetical protein
[10:58:21] Modify product: UPF0719 inner membrane protein YjfL => hypothetical protein
[10:58:21] Modify product: Probable L-ascorbate-6-phosphate lactonase UlaG => putative L-ascorbate-6-phosphate lactonase UlaG
[10:58:21] Modify product: Uncharacterized protein YtfJ => putative protein YtfJ
[10:58:21] Modify product: UPF0053 inner membrane protein YtfL => hypothetical protein
[10:58:22] Modify product: UPF0307 protein YjgA => hypothetical protein
[10:58:22] Modify product: Uncharacterized protein YjgL => putative protein YjgL
[10:58:22] Modify product: Uncharacterized protein YjgL => putative protein YjgL
[10:58:22] Modify product: Uncharacterized protein YjgL => putative protein YjgL
[10:58:22] Modify product: Uncharacterized oxidoreductase YjhC => putative oxidoreductase YjhC
[10:58:22] Modify product: Uncharacterized protein YthA => putative protein YthA
[10:58:22] Modify product: Probable RNA polymerase sigma factor FecI => putative RNA polymerase sigma factor FecI
[10:58:22] Modify product: UPF0401 protein YkfF => hypothetical protein
[10:58:22] Modify product: UPF0758 protein YsxA => hypothetical protein
[10:58:22] Modify product: Probable 2-dehydro-3-deoxy-D-pentonate aldolase YjhH => putative 2-dehydro-3-deoxy-D-pentonate aldolase YjhH
[10:58:22] Modify product: Uncharacterized protein YjhP => putative protein YjhP
[10:58:22] Modify product: Probable 9-O-acetyl-N-acetylneuraminic acid deacetylase => putative 9-O-acetyl-N-acetylneuraminic acid deacetylase
[10:58:22] Modify product: Probable N-acetylneuraminic acid outer membrane channel protein NanC => putative N-acetylneuraminic acid outer membrane channel protein NanC
[10:58:22] Modify product: Probable major fimbrial subunit LpfA => putative major fimbrial subunit LpfA
[10:58:22] Modify product: Uncharacterized protein YjiK => putative protein YjiK
[10:58:22] Modify product: Uncharacterized GTP-binding protein YjiA => putative GTP-binding protein YjiA
[10:58:22] Modify product: Probable L-galactonate transporter => putative L-galactonate transporter
[10:58:22] Modify product: Probable L-galactonate transporter => putative L-galactonate transporter
[10:58:22] Modify product: Probable HTH-type transcriptional regulator LgoR => putative HTH-type transcriptional regulator LgoR
[10:58:22] Modify product: UPF0442 protein YjjB => hypothetical protein
[10:58:22] Modify product: Uncharacterized metal-dependent hydrolase YjjV => putative metal-dependent hydrolase YjjV
[10:58:22] Modify product: Uncharacterized protein YjjI => putative protein YjjI
[10:58:22] Modify product: Probable inner membrane protein Smp => putative inner membrane protein Smp
[10:58:22] Modify product: Uncharacterized tRNA/rRNA methyltransferase HI_0380 => putative tRNA/rRNA methyltransferase
[10:58:22] Modify product: UPF0246 protein YaaA => hypothetical protein
[10:58:22] Cleaned 434 /product names
[10:58:22] Deleting unwanted file: prokka_flye/sprot.faa
[10:58:22] Deleting unwanted file: prokka_flye/sprot.blast
[10:58:22] There are still 1336 unannotated CDS left (started with 5157)
[10:58:22] Will use hmmer3 to search against /home/hannah/miniconda3/envs/prokka/bin/../db/hmm/HAMAP.hmm with 8 CPUs
[10:58:22] Running: cat prokka_flye\/HAMAP\.hmm\.faa | parallel --gnu --plain -j 8 --block 20426 --recstart '>' --pipe hmmscan --noali --notextw --acc -E 1e-06 --cpu 1 /home/hannah/miniconda3/envs/prokka/bin/../db/hmm/HAMAP.hmm /dev/stdin > prokka_flye\/HAMAP\.hmm\.hmmer3 2> /dev/null
[10:58:46] Modify product: Uncharacterized Nudix hydrolase NudL => putative Nudix hydrolase NudL
[10:58:46] Cleaned 1 /product names
[10:58:46] Deleting unwanted file: prokka_flye/HAMAP.hmm.faa
[10:58:46] Deleting unwanted file: prokka_flye/HAMAP.hmm.hmmer3
[10:58:46] Labelling remaining 1287 proteins as 'hypothetical protein'
[10:58:46] Possible /pseudo 'HTH-type transcriptional regulator PgrR' at contig_1 position 265879
[10:58:46] Possible /pseudo 'Protein HokA' at contig_1 position 630550
[10:58:46] Possible /pseudo 'Manganese transport system membrane protein MntB' at contig_1 position 1291732
[10:58:46] Possible /pseudo 'Small toxic polypeptide LdrA' at contig_1 position 1363795
[10:58:46] Possible /pseudo 'Formate dehydrogenase, nitrate-inducible, major subunit' at contig_1 position 1636208
[10:58:46] Possible /pseudo 'putative diguanylate cyclase DgcQ' at contig_1 position 2152875
[10:58:46] Possible /pseudo 'DNA-3-methyladenine glycosylase 2' at contig_1 position 2310664
[10:58:46] Possible /pseudo 'Putative multidrug resistance protein MdtD' at contig_1 position 2325027
[10:58:46] Possible /pseudo 'Ribonucleoside-diphosphate reductase 2 subunit beta' at contig_1 position 3009160
[10:58:46] Possible /pseudo 'Energy-coupling factor transporter ATP-binding protein EcfA1' at contig_1 position 3301687
[10:58:46] Possible /pseudo 'Phosphoethanolamine transferase OpgE' at contig_1 position 3349194
[10:58:46] Possible /pseudo 'putative FAD-linked oxidoreductase' at contig_1 position 3475865
[10:58:46] Possible /pseudo 'Acyl carrier protein' at contig_1 position 3948708
[10:58:46] Possible /pseudo 'Cellulose synthase operon protein C' at contig_1 position 4049366
[10:58:46] Possible /pseudo 'Cellulose synthase catalytic subunit [UDP-forming]' at contig_1 position 4056355
[10:58:46] Possible /pseudo 'Small toxic polypeptide LdrD' at contig_1 position 4061850
[10:58:46] Possible /pseudo 'Adenosyl-chloride synthase' at contig_1 position 4384946
[10:58:46] Possible /pseudo 'Putative 2,3-dihydroxypropane-1-sulfonate exporter' at contig_1 position 4451722
[10:58:46] Possible /pseudo 'Formate dehydrogenase-O major subunit' at contig_1 position 4473009
[10:58:46] Possible /pseudo 'Formate dehydrogenase H' at contig_1 position 4722838
[10:58:46] Possible /pseudo 'putative protein YjgL' at contig_1 position 4895192
[10:58:46] Possible /pseudo 'putative protein YjgL' at contig_1 position 4895532
[10:58:46] Possible /pseudo 'putative L-galactonate transporter' at contig_1 position 5061011
[10:58:46] Possible /pseudo 'Protein UmuC' at contig_4 position 52205
[10:58:46] Possible /pseudo 'Glucose-1-phosphatase' at contig_4 position 92295
[10:58:46] Possible /pseudo 'Macrolide export ATP-binding/permease protein MacB' at contig_4 position 95668
[10:58:46] Found 3245 unique /gene codes.
[10:58:46] Fixed 2 duplicate /gene - mglA_1 mglA_2
[10:58:46] Fixed 2 duplicate /gene - nanA_1 nanA_2
[10:58:46] Fixed 2 duplicate /gene - fryA_1 fryA_2
[10:58:46] Fixed 3 duplicate /gene - gatB_1 gatB_2 gatB_3
[10:58:46] Fixed 4 duplicate /gene - hokC_1 hokC_2 hokC_3 hokC_4
[10:58:46] Fixed 4 duplicate /gene - intA_1 intA_2 intA_3 intA_4
[10:58:46] Fixed 2 duplicate /gene - dmsC_1 dmsC_2
[10:58:46] Fixed 2 duplicate /gene - fdnG_1 fdnG_2
[10:58:46] Fixed 2 duplicate /gene - gspA_1 gspA_2
[10:58:46] Fixed 2 duplicate /gene - sicA_1 sicA_2
[10:58:46] Fixed 2 duplicate /gene - glmS_1 glmS_2
[10:58:46] Fixed 2 duplicate /gene - ftsA_1 ftsA_2
[10:58:46] Fixed 2 duplicate /gene - yhjJ_1 yhjJ_2
[10:58:46] Fixed 2 duplicate /gene - recF_1 recF_2
[10:58:46] Fixed 2 duplicate /gene - fucA_1 fucA_2
[10:58:46] Fixed 2 duplicate /gene - narL_1 narL_2
[10:58:46] Fixed 4 duplicate /gene - xerC_1 xerC_2 xerC_3 xerC_4
[10:58:46] Fixed 2 duplicate /gene - aaeA_1 aaeA_2
[10:58:46] Fixed 2 duplicate /gene - oxyR_1 oxyR_2
[10:58:46] Fixed 3 duplicate /gene - potA_1 potA_2 potA_3
[10:58:46] Fixed 2 duplicate /gene - yhhT_1 yhhT_2
[10:58:46] Fixed 5 duplicate /gene - hyfA_1 hyfA_2 hyfA_3 hyfA_4 hyfA_5
[10:58:46] Fixed 2 duplicate /gene - ecpR_1 ecpR_2
[10:58:46] Fixed 2 duplicate /gene - ais_1 ais_2
[10:58:46] Fixed 2 duplicate /gene - cysW_1 cysW_2
[10:58:46] Fixed 2 duplicate /gene - tsaR_1 tsaR_2
[10:58:46] Fixed 2 duplicate /gene - yccS_1 yccS_2
[10:58:46] Fixed 2 duplicate /gene - ssuC_1 ssuC_2
[10:58:46] Fixed 3 duplicate /gene - hcaR_1 hcaR_2 hcaR_3
[10:58:46] Fixed 2 duplicate /gene - ydcP_1 ydcP_2
[10:58:46] Fixed 2 duplicate /gene - nanT_1 nanT_2
[10:58:46] Fixed 4 duplicate /gene - umuC_1 umuC_2 umuC_3 umuC_4
[10:58:46] Fixed 2 duplicate /gene - ygcS_1 ygcS_2
[10:58:46] Fixed 2 duplicate /gene - nanR_1 nanR_2
[10:58:46] Fixed 2 duplicate /gene - lptG_1 lptG_2
[10:58:46] Fixed 2 duplicate /gene - flgJ_1 flgJ_2
[10:58:46] Fixed 3 duplicate /gene - chuR_1 chuR_2 chuR_3
[10:58:46] Fixed 5 duplicate /gene - bhsA_1 bhsA_2 bhsA_3 bhsA_4 bhsA_5
[10:58:46] Fixed 3 duplicate /gene - rfaH_1 rfaH_2 rfaH_3
[10:58:46] Fixed 2 duplicate /gene - kdgR_1 kdgR_2
[10:58:46] Fixed 4 duplicate /gene - tfaE_1 tfaE_2 tfaE_3 tfaE_4
[10:58:46] Fixed 2 duplicate /gene - yeeR_1 yeeR_2
[10:58:46] Fixed 2 duplicate /gene - cysB_1 cysB_2
[10:58:46] Fixed 2 duplicate /gene - pdhR_1 pdhR_2
[10:58:46] Fixed 3 duplicate /gene - macB_1 macB_2 macB_3
[10:58:46] Fixed 2 duplicate /gene - mdtD_1 mdtD_2
[10:58:46] Fixed 2 duplicate /gene - dgcZ_1 dgcZ_2
[10:58:46] Fixed 2 duplicate /gene - pncC_1 pncC_2
[10:58:46] Fixed 2 duplicate /gene - dmsB_1 dmsB_2
[10:58:46] Fixed 2 duplicate /gene - ldrD_1 ldrD_2
[10:58:46] Fixed 2 duplicate /gene - fbaA_1 fbaA_2
[10:58:46] Fixed 2 duplicate /gene - fliI_1 fliI_2
[10:58:46] Fixed 2 duplicate /gene - ydgA_1 ydgA_2
[10:58:46] Fixed 2 duplicate /gene - yihP_1 yihP_2
[10:58:46] Fixed 2 duplicate /gene - bcsA_1 bcsA_2
[10:58:46] Fixed 2 duplicate /gene - php_1 php_2
[10:58:46] Fixed 3 duplicate /gene - ydcV_1 ydcV_2 ydcV_3
[10:58:46] Fixed 2 duplicate /gene - nuoL_1 nuoL_2
[10:58:46] Fixed 2 duplicate /gene - mngR_1 mngR_2
[10:58:46] Fixed 2 duplicate /gene - osmY_1 osmY_2
[10:58:46] Fixed 3 duplicate /gene - glnQ_1 glnQ_2 glnQ_3
[10:58:46] Fixed 5 duplicate /gene - pgrR_1 pgrR_2 pgrR_3 pgrR_4 pgrR_5
[10:58:46] Fixed 2 duplicate /gene - bcsC_1 bcsC_2
[10:58:46] Fixed 2 duplicate /gene - nuoI_1 nuoI_2
[10:58:46] Fixed 2 duplicate /gene - flhA_1 flhA_2
[10:58:46] Fixed 2 duplicate /gene - fliN_1 fliN_2
[10:58:46] Fixed 2 duplicate /gene - yggP_1 yggP_2
[10:58:46] Fixed 2 duplicate /gene - ptsG_1 ptsG_2
[10:58:46] Fixed 2 duplicate /gene - ldrA_1 ldrA_2
[10:58:46] Fixed 2 duplicate /gene - flgC_1 flgC_2
[10:58:46] Fixed 2 duplicate /gene - fryB_1 fryB_2
[10:58:46] Fixed 2 duplicate /gene - nadC_1 nadC_2
[10:58:46] Fixed 3 duplicate /gene - rimO_1 rimO_2 rimO_3
[10:58:46] Fixed 2 duplicate /gene - flhB_1 flhB_2
[10:58:46] Fixed 2 duplicate /gene - flgI_1 flgI_2
[10:58:46] Fixed 2 duplicate /gene - rbsA_1 rbsA_2
[10:58:46] Fixed 3 duplicate /gene - gadX_1 gadX_2 gadX_3
[10:58:46] Fixed 2 duplicate /gene - alkA_1 alkA_2
[10:58:46] Fixed 2 duplicate /gene - cytR_1 cytR_2
[10:58:46] Fixed 3 duplicate /gene - lolD_1 lolD_2 lolD_3
[10:58:46] Fixed 2 duplicate /gene - blc_1 blc_2
[10:58:46] Fixed 2 duplicate /gene - cusC_1 cusC_2
[10:58:46] Fixed 2 duplicate /gene - fimH_1 fimH_2
[10:58:46] Fixed 2 duplicate /gene - icsA_1 icsA_2
[10:58:46] Fixed 2 duplicate /gene - gadW_1 gadW_2
[10:58:46] Fixed 2 duplicate /gene - pspB_1 pspB_2
[10:58:46] Fixed 2 duplicate /gene - yhjE_1 yhjE_2
[10:58:46] Fixed 2 duplicate /gene - mlc_1 mlc_2
[10:58:46] Fixed 2 duplicate /gene - ulaB_1 ulaB_2
[10:58:46] Fixed 2 duplicate /gene - gntK_1 gntK_2
[10:58:46] Fixed 2 duplicate /gene - hilA_1 hilA_2
[10:58:46] Fixed 2 duplicate /gene - fimF_1 fimF_2
[10:58:46] Fixed 3 duplicate /gene - ltrA_1 ltrA_2 ltrA_3
[10:58:46] Fixed 2 duplicate /gene - psuK_1 psuK_2
[10:58:46] Fixed 2 duplicate /gene - rclR_1 rclR_2
[10:58:46] Fixed 2 duplicate /gene - salL_1 salL_2
[10:58:46] Fixed 2 duplicate /gene - ydfO_1 ydfO_2
[10:58:46] Fixed 2 duplicate /gene - elfC_1 elfC_2
[10:58:46] Fixed 2 duplicate /gene - fecA_1 fecA_2
[10:58:46] Fixed 2 duplicate /gene - ydjF_1 ydjF_2
[10:58:46] Fixed 2 duplicate /gene - yvgN_1 yvgN_2
[10:58:46] Fixed 2 duplicate /gene - hchA_1 hchA_2
[10:58:46] Fixed 5 duplicate /gene - rpnA_1 rpnA_2 rpnA_3 rpnA_4 rpnA_5
[10:58:46] Fixed 2 duplicate /gene - yicI_1 yicI_2
[10:58:46] Fixed 2 duplicate /gene - rsmA_1 rsmA_2
[10:58:46] Fixed 2 duplicate /gene - yehB_1 yehB_2
[10:58:46] Fixed 2 duplicate /gene - ydjZ_1 ydjZ_2
[10:58:46] Fixed 2 duplicate /gene - bioD1_1 bioD1_2
[10:58:46] Fixed 4 duplicate /gene - opgE_1 opgE_2 opgE_3 opgE_4
[10:58:46] Fixed 2 duplicate /gene - fliS_1 fliS_2
[10:58:46] Fixed 2 duplicate /gene - dctA_1 dctA_2
[10:58:46] Fixed 2 duplicate /gene - flgG_1 flgG_2
[10:58:46] Fixed 2 duplicate /gene - higB_1 higB_2
[10:58:46] Fixed 2 duplicate /gene - mepH_1 mepH_2
[10:58:46] Fixed 2 duplicate /gene - fumA_1 fumA_2
[10:58:46] Fixed 2 duplicate /gene - glmU_1 glmU_2
[10:58:46] Fixed 2 duplicate /gene - lsrD_1 lsrD_2
[10:58:46] Fixed 2 duplicate /gene - yjbR_1 yjbR_2
[10:58:46] Fixed 2 duplicate /gene - agaC_1 agaC_2
[10:58:46] Fixed 2 duplicate /gene - pitA_1 pitA_2
[10:58:46] Fixed 2 duplicate /gene - ulaA_1 ulaA_2
[10:58:46] Fixed 3 duplicate /gene - tmk_1 tmk_2 tmk_3
[10:58:46] Fixed 2 duplicate /gene - dnaK_1 dnaK_2
[10:58:46] Fixed 2 duplicate /gene - idnT_1 idnT_2
[10:58:46] Fixed 2 duplicate /gene - kduD_1 kduD_2
[10:58:46] Fixed 2 duplicate /gene - ubiE_1 ubiE_2
[10:58:46] Fixed 2 duplicate /gene - argA_1 argA_2
[10:58:46] Fixed 2 duplicate /gene - fliD_1 fliD_2
[10:58:46] Fixed 3 duplicate /gene - malP_1 malP_2 malP_3
[10:58:46] Fixed 2 duplicate /gene - esiB_1 esiB_2
[10:58:46] Fixed 2 duplicate /gene - mdoB_1 mdoB_2
[10:58:46] Fixed 2 duplicate /gene - aaeB_1 aaeB_2
[10:58:46] Fixed 2 duplicate /gene - ygiW_1 ygiW_2
[10:58:46] Fixed 2 duplicate /gene - fliP_1 fliP_2
[10:58:46] Fixed 3 duplicate /gene - lexA_1 lexA_2 lexA_3
[10:58:46] Fixed 2 duplicate /gene - fliG_1 fliG_2
[10:58:46] Fixed 2 duplicate /gene - lptF_1 lptF_2
[10:58:46] Fixed 2 duplicate /gene - deoB_1 deoB_2
[10:58:46] Fixed 2 duplicate /gene - murR_1 murR_2
[10:58:46] Fixed 3 duplicate /gene - ydfR_1 ydfR_2 ydfR_3
[10:58:46] Fixed 2 duplicate /gene - srlA_1 srlA_2
[10:58:46] Fixed 2 duplicate /gene - ecfA1_1 ecfA1_2
[10:58:46] Fixed 2 duplicate /gene - kbaY_1 kbaY_2
[10:58:46] Fixed 2 duplicate /gene - proQ_1 proQ_2
[10:58:46] Fixed 2 duplicate /gene - prfA_1 prfA_2
[10:58:46] Fixed 4 duplicate /gene - era_1 era_2 era_3 era_4
[10:58:46] Fixed 3 duplicate /gene - ssb_1 ssb_2 ssb_3
[10:58:46] Fixed 2 duplicate /gene - ccmH_1 ccmH_2
[10:58:46] Fixed 2 duplicate /gene - mepS_1 mepS_2
[10:58:46] Fixed 2 duplicate /gene - psiB_1 psiB_2
[10:58:46] Fixed 2 duplicate /gene - nlpD_1 nlpD_2
[10:58:46] Fixed 2 duplicate /gene - sapB_1 sapB_2
[10:58:46] Fixed 2 duplicate /gene - cysA_1 cysA_2
[10:58:46] Fixed 3 duplicate /gene - yjgL_1 yjgL_2 yjgL_3
[10:58:46] Fixed 2 duplicate /gene - msbA_1 msbA_2
[10:58:46] Fixed 2 duplicate /gene - radD_1 radD_2
[10:58:46] Fixed 2 duplicate /gene - yehC_1 yehC_2
[10:58:46] Fixed 2 duplicate /gene - ytfJ_1 ytfJ_2
[10:58:46] Fixed 2 duplicate /gene - tonB_1 tonB_2
[10:58:46] Fixed 4 duplicate /gene - ompX_1 ompX_2 ompX_3 ompX_4
[10:58:46] Fixed 2 duplicate /gene - artM_1 artM_2
[10:58:46] Fixed 2 duplicate /gene - adhE_1 adhE_2
[10:58:46] Fixed 8 duplicate /gene - xerD_1 xerD_2 xerD_3 xerD_4 xerD_5 xerD_6 xerD_7 xerD_8
[10:58:46] Fixed 2 duplicate /gene - traR_1 traR_2
[10:58:46] Fixed 2 duplicate /gene - fixB_1 fixB_2
[10:58:46] Fixed 2 duplicate /gene - nagB_1 nagB_2
[10:58:46] Fixed 2 duplicate /gene - ybdO_1 ybdO_2
[10:58:46] Fixed 5 duplicate /gene - rrrD_1 rrrD_2 rrrD_3 rrrD_4 rrrD_5
[10:58:46] Fixed 2 duplicate /gene - caiT_1 caiT_2
[10:58:46] Fixed 2 duplicate /gene - yjhB_1 yjhB_2
[10:58:46] Fixed 3 duplicate /gene - cirA_1 cirA_2 cirA_3
[10:58:46] Fixed 2 duplicate /gene - epsF_1 epsF_2
[10:58:46] Fixed 2 duplicate /gene - flgH_1 flgH_2
[10:58:46] Fixed 2 duplicate /gene - traI_1 traI_2
[10:58:46] Fixed 2 duplicate /gene - glrR_1 glrR_2
[10:58:46] Fixed 3 duplicate /gene - spaR_1 spaR_2 spaR_3
[10:58:46] Fixed 4 duplicate /gene - fimA_1 fimA_2 fimA_3 fimA_4
[10:58:46] Fixed 2 duplicate /gene - yjaB_1 yjaB_2
[10:58:46] Fixed 2 duplicate /gene - gnsA_1 gnsA_2
[10:58:46] Fixed 2 duplicate /gene - dbpA_1 dbpA_2
[10:58:46] Fixed 2 duplicate /gene - hflC_1 hflC_2
[10:58:46] Fixed 2 duplicate /gene - lutA_1 lutA_2
[10:58:46] Fixed 2 duplicate /gene - ydjE_1 ydjE_2
[10:58:46] Fixed 2 duplicate /gene - hpf_1 hpf_2
[10:58:46] Fixed 2 duplicate /gene - appA_1 appA_2
[10:58:46] Fixed 2 duplicate /gene - yrdA_1 yrdA_2
[10:58:46] Fixed 3 duplicate /gene - nanS_1 nanS_2 nanS_3
[10:58:46] Fixed 2 duplicate /gene - dnaJ_1 dnaJ_2
[10:58:46] Fixed 3 duplicate /gene - por_1 por_2 por_3
[10:58:46] Fixed 2 duplicate /gene - lpp_1 lpp_2
[10:58:46] Fixed 2 duplicate /gene - lapB_1 lapB_2
[10:58:46] Fixed 4 duplicate /gene - acpP_1 acpP_2 acpP_3 acpP_4
[10:58:46] Fixed 2 duplicate /gene - slrP_1 slrP_2
[10:58:46] Fixed 2 duplicate /gene - flgB_1 flgB_2
[10:58:46] Fixed 2 duplicate /gene - nanM_1 nanM_2
[10:58:46] Fixed 2 duplicate /gene - nrdF_1 nrdF_2
[10:58:46] Fixed 2 duplicate /gene - ydfK_1 ydfK_2
[10:58:46] Fixed 2 duplicate /gene - lgoT_1 lgoT_2
[10:58:46] Fixed 2 duplicate /gene - cbtA_1 cbtA_2
[10:58:46] Fixed 2 duplicate /gene - xdhA_1 xdhA_2
[10:58:46] Fixed 2 duplicate /gene - pyrE_1 pyrE_2
[10:58:46] Fixed 2 duplicate /gene - manX_1 manX_2
[10:58:46] Fixed 2 duplicate /gene - lon_1 lon_2
[10:58:46] Fixed 2 duplicate /gene - hha_1 hha_2
[10:58:46] Fixed 2 duplicate /gene - ompD_1 ompD_2
[10:58:46] Fixed 2 duplicate /gene - rtcB_1 rtcB_2
[10:58:46] Fixed 2 duplicate /gene - ccmF_1 ccmF_2
[10:58:46] Fixed 5 duplicate /gene - klcA_1 klcA_2 klcA_3 klcA_4 klcA_5
[10:58:46] Fixed 3 duplicate /gene - agp_1 agp_2 agp_3
[10:58:46] Fixed 2 duplicate /gene - exuT_1 exuT_2
[10:58:46] Fixed 3 duplicate /gene - ycjY_1 ycjY_2 ycjY_3
[10:58:46] Fixed 2 duplicate /gene - nanC_1 nanC_2
[10:58:46] Fixed 2 duplicate /gene - yhcH_1 yhcH_2
[10:58:46] Fixed 2 duplicate /gene - intQ_1 intQ_2
[10:58:46] Fixed 2 duplicate /gene - yhhS_1 yhhS_2
[10:58:46] Fixed 2 duplicate /gene - lsrK_1 lsrK_2
[10:58:46] Fixed 2 duplicate /gene - topA_1 topA_2
[10:58:46] Fixed 5 duplicate /gene - rusA_1 rusA_2 rusA_3 rusA_4 rusA_5
[10:58:46] Fixed 2 duplicate /gene - fimD_1 fimD_2
[10:58:46] Fixed 2 duplicate /gene - flgL_1 flgL_2
[10:58:46] Fixed 2 duplicate /gene - yicJ_1 yicJ_2
[10:58:46] Fixed 2 duplicate /gene - clpP_1 clpP_2
[10:58:46] Fixed 2 duplicate /gene - flgE_1 flgE_2
[10:58:46] Fixed 2 duplicate /gene - hns_1 hns_2
[10:58:46] Fixed 2 duplicate /gene - coaA_1 coaA_2
[10:58:46] Fixed 3 duplicate /gene - lldR_1 lldR_2 lldR_3
[10:58:46] Fixed 3 duplicate /gene - srmB_1 srmB_2 srmB_3
[10:58:46] Fixed 2 duplicate /gene - glnM_1 glnM_2
[10:58:46] Fixed 2 duplicate /gene - flgK_1 flgK_2
[10:58:46] Fixed 2 duplicate /gene - argE_1 argE_2
[10:58:46] Fixed 2 duplicate /gene - fimC_1 fimC_2
[10:58:46] Fixed 2 duplicate /gene - acs_1 acs_2
[10:58:46] Fixed 2 duplicate /gene - xylB_1 xylB_2
[10:58:46] Fixed 2 duplicate /gene - lptB_1 lptB_2
[10:58:46] Fixed 4 duplicate /gene - hokA_1 hokA_2 hokA_3 hokA_4
[10:58:46] Fixed 2 duplicate /gene - clcD_1 clcD_2
[10:58:46] Fixed 2 duplicate /gene - focC_1 focC_2
[10:58:46] Fixed 2 duplicate /gene - fdnH_1 fdnH_2
[10:58:46] Fixed 2 duplicate /gene - flgF_1 flgF_2
[10:58:46] Fixed 4 duplicate /gene - recE_1 recE_2 recE_3 recE_4
[10:58:46] Fixed 2 duplicate /gene - ygaV_1 ygaV_2
[10:58:46] Fixed 2 duplicate /gene - secA_1 secA_2
[10:58:46] Fixed 2 duplicate /gene - fliE_1 fliE_2
[10:58:46] Fixed 2 duplicate /gene - hemN_1 hemN_2
[10:58:46] Fixed 2 duplicate /gene - efeU_1 efeU_2
[10:58:46] Fixed 2 duplicate /gene - papD_1 papD_2
[10:58:46] Fixed 2 duplicate /gene - ttdT_1 ttdT_2
[10:58:46] Fixed 2 duplicate /gene - sbmC_1 sbmC_2
[10:58:46] Fixed 2 duplicate /gene - dnaC_1 dnaC_2
[10:58:46] Fixed 4 duplicate /gene - fabG_1 fabG_2 fabG_3 fabG_4
[10:58:46] Fixed 5 duplicate /gene - sppA_1 sppA_2 sppA_3 sppA_4 sppA_5
[10:58:46] Fixed 2 duplicate /gene - ghoT_1 ghoT_2
[10:58:46] Fixed 4 duplicate /gene - iolS_1 iolS_2 iolS_3 iolS_4
[10:58:46] Fixed 2 duplicate /gene - proP_1 proP_2
[10:58:46] Fixed 2 duplicate /gene - aspT_1 aspT_2
[10:58:46] Fixed 3 duplicate /gene - fabF_1 fabF_2 fabF_3
[10:58:46] Fixed 2 duplicate /gene - topB_1 topB_2
[10:58:46] Fixed 2 duplicate /gene - cysE_1 cysE_2
[10:58:46] Fixed 2 duplicate /gene - yagT_1 yagT_2
[10:58:46] Fixed 2 duplicate /gene - icd_1 icd_2
[10:58:46] Fixed 3 duplicate /gene - papC_1 papC_2 papC_3
[10:58:46] Fixed 3 duplicate /gene - hcpA_1 hcpA_2 hcpA_3
[10:58:46] Fixed 2 duplicate /gene - stbB_1 stbB_2
[10:58:46] Fixed 2 duplicate /gene - mprA_1 mprA_2
[10:58:46] Fixed 3 duplicate /gene - umuD_1 umuD_2 umuD_3
[10:58:46] Fixed 3 duplicate /gene - cbeA_1 cbeA_2 cbeA_3
[10:58:46] Fixed 2 duplicate /gene - ptsH_1 ptsH_2
[10:58:46] Fixed 2 duplicate /gene - axeA1_1 axeA1_2
[10:58:46] Fixed 2 duplicate /gene - kefF_1 kefF_2
[10:58:46] Fixed 2 duplicate /gene - srlE_1 srlE_2
[10:58:46] Fixed 2 duplicate /gene - sorB_1 sorB_2
[10:58:46] Fixed 2 duplicate /gene - yiaJ_1 yiaJ_2
[10:58:46] Fixed 2 duplicate /gene - mtlA_1 mtlA_2
[10:58:46] Fixed 2 duplicate /gene - rhaS_1 rhaS_2
[10:58:46] Fixed 2 duplicate /gene - vgrG1_1 vgrG1_2
[10:58:46] Fixed 2 duplicate /gene - deoR_1 deoR_2
[10:58:46] Fixed 2 duplicate /gene - rpe_1 rpe_2
[10:58:46] Fixed 2 duplicate /gene - mec_1 mec_2
[10:58:46] Fixed 2 duplicate /gene - traC_1 traC_2
[10:58:46] Fixed 2 duplicate /gene - betC_1 betC_2
[10:58:46] Fixed 3 duplicate /gene - cutC_1 cutC_2 cutC_3
[10:58:46] Fixed 2 duplicate /gene - flgD_1 flgD_2
[10:58:46] Fixed 2 duplicate /gene - ygdR_1 ygdR_2
[10:58:46] Fixed 2 duplicate /gene - yahB_1 yahB_2
[10:58:46] Fixed 2 duplicate /gene - cdsA_1 cdsA_2
[10:58:46] Fixed 2 duplicate /gene - epsE_1 epsE_2
[10:58:46] Fixed 2 duplicate /gene - arcC2_1 arcC2_2
[10:58:46] Fixed 2 duplicate /gene - fdoG_1 fdoG_2
[10:58:46] Fixed 3 duplicate /gene - sgrR_1 sgrR_2 sgrR_3
[10:58:46] Fixed 2 duplicate /gene - btuR_1 btuR_2
[10:58:46] Fixed 3 duplicate /gene - yhdJ_1 yhdJ_2 yhdJ_3
[10:58:46] Fixed 2 duplicate /gene - fiu_1 fiu_2
[10:58:46] Fixed 6 duplicate /gene - dmlR_1 dmlR_2 dmlR_3 dmlR_4 dmlR_5 dmlR_6
[10:58:46] Fixed 2 duplicate /gene - tam_1 tam_2
[10:58:46] Fixed 2 duplicate /gene - mdh_1 mdh_2
[10:58:46] Fixed 2 duplicate /gene - lsrB_1 lsrB_2
[10:58:46] Fixed 3 duplicate /gene - gltD_1 gltD_2 gltD_3
[10:58:46] Fixed 2 duplicate /gene - fdrA_1 fdrA_2
[10:58:46] Fixed 2 duplicate /gene - sfmH_1 sfmH_2
[10:58:46] Fixed 2 duplicate /gene - gntR_1 gntR_2
[10:58:46] Fixed 2 duplicate /gene - dcuD_1 dcuD_2
[10:58:46] Fixed 2 duplicate /gene - malK_1 malK_2
[10:58:46] Fixed 2 duplicate /gene - epsH_1 epsH_2
[10:58:46] Fixed 2 duplicate /gene - rob_1 rob_2
[10:58:46] Fixed 3 duplicate /gene - manZ_1 manZ_2 manZ_3
[10:58:46] Fixed 2 duplicate /gene - bioF_1 bioF_2
[10:58:46] Fixed 2 duplicate /gene - yncE_1 yncE_2
[10:58:46] Fixed 2 duplicate /gene - proS_1 proS_2
[10:58:46] Fixed 2 duplicate /gene - lacA_1 lacA_2
[10:58:46] Fixed 2 duplicate /gene - nepI_1 nepI_2
[10:58:46] Fixed 2 duplicate /gene - slp_1 slp_2
[10:58:46] Fixed 2 duplicate /gene - betB_1 betB_2
[10:58:46] Fixed 2 duplicate /gene - ulaC_1 ulaC_2
[10:58:46] Fixed 2 duplicate /gene - fliF_1 fliF_2
[10:58:46] Fixed 2 duplicate /gene - glpR_1 glpR_2
[10:58:46] Fixed 4 duplicate /gene - gltC_1 gltC_2 gltC_3 gltC_4
[10:58:46] Fixed 2 duplicate /gene - acrR_1 acrR_2
[10:58:46] Fixed 2 duplicate /gene - yehD_1 yehD_2
[10:58:46] Fixed 2 duplicate /gene - leuE_1 leuE_2
[10:58:46] Fixed 2 duplicate /gene - mntB_1 mntB_2
[10:58:46] Fixed 2 duplicate /gene - kefC_1 kefC_2
[10:58:46] Fixed 2 duplicate /gene - ligA_1 ligA_2
[10:58:46] Fixed 2 duplicate /gene - cysH_1 cysH_2
[10:58:46] Fixed 2 duplicate /gene - pipB2_1 pipB2_2
[10:58:46] Fixed 2 duplicate /gene - parM_1 parM_2
[10:58:46] Fixed 2 duplicate /gene - fixA_1 fixA_2
[10:58:46] Fixed 2 duplicate /gene - acrB_1 acrB_2
[10:58:46] Fixed 2 duplicate /gene - nanK_1 nanK_2
[10:58:46] Fixed 2 duplicate /gene - ydhX_1 ydhX_2
[10:58:46] Fixed 4 duplicate /gene - rbsC_1 rbsC_2 rbsC_3 rbsC_4
[10:58:46] Fixed 2 duplicate /gene - yggR_1 yggR_2
[10:58:46] Fixed 2 duplicate /gene - fimG_1 fimG_2
[10:58:46] Fixed 2 duplicate /gene - cspG_1 cspG_2
[10:58:46] Fixed 3 duplicate /gene - cynR_1 cynR_2 cynR_3
[10:58:46] Fixed 3 duplicate /gene - flu_1 flu_2 flu_3
[10:58:46] Fixed 2 duplicate /gene - yhaJ_1 yhaJ_2
[10:58:46] Fixed 2 duplicate /gene - gstB_1 gstB_2
[10:58:46] Fixed 2 duplicate /gene - kdgK_1 kdgK_2
[10:58:46] Fixed 2 duplicate /gene - oppF_1 oppF_2
[10:58:46] Fixed 3 duplicate /gene - gatC_1 gatC_2 gatC_3
[10:58:46] Fixed 5 duplicate /gene - srlR_1 srlR_2 srlR_3 srlR_4 srlR_5
[10:58:46] Fixed 2 duplicate /gene - ftnA_1 ftnA_2
[10:58:46] Fixed 3 duplicate /gene - hyfB_1 hyfB_2 hyfB_3
[10:58:46] Fixed 3 duplicate /gene - dnaT_1 dnaT_2 dnaT_3
[10:58:46] Fixed 2 duplicate /gene - gcvA_1 gcvA_2
[10:58:46] Fixed 3 duplicate /gene - rhaR_1 rhaR_2 rhaR_3
[10:58:46] Fixed 3 duplicate /gene - fixX_1 fixX_2 fixX_3
[10:58:46] Fixed 2 duplicate /gene - fdhF_1 fdhF_2
[10:58:46] Fixed 3 duplicate /gene - dgcQ_1 dgcQ_2 dgcQ_3
[10:58:46] Fixed 2 duplicate /gene - spo0C_1 spo0C_2
[10:58:46] Fixed 2 duplicate /gene - hemR_1 hemR_2
[10:58:46] Fixed 2 duplicate /gene - hycG_1 hycG_2
[10:58:46] Fixed 2 duplicate /gene - caiA_1 caiA_2
[10:58:46] Fixed 2 duplicate /gene - lolA_1 lolA_2
[10:58:46] Fixed 2 duplicate /gene - ampG_1 ampG_2
[10:58:46] Fixed 2 duplicate /gene - srlB_1 srlB_2
[10:58:46] Fixed 2 duplicate /gene - ulaE_1 ulaE_2
[10:58:46] Fixed 357 colliding /gene names.
[10:58:46] Adding /locus_tag identifiers
[10:58:46] Assigned 5272 locus_tags to CDS and RNA features.
[10:58:46] Writing outputs to prokka_flye/
[10:58:51] Generating annotation statistics file
[10:58:51] Generating Genbank and Sequin files
[10:58:51] Running: tbl2asn -V b -a r10k -l paired-ends -M n -N 1 -y 'Annotated using prokka 1.13 from https://github.com/tseemann/prokka' -Z prokka_flye\/flye\.err -i prokka_flye\/flye\.fsa 2> /dev/null
[10:59:00] Deleting unwanted file: prokka_flye/errorsummary.val
[10:59:00] Deleting unwanted file: prokka_flye/flye.dr
[10:59:00] Deleting unwanted file: prokka_flye/flye.fixedproducts
[10:59:00] Deleting unwanted file: prokka_flye/flye.ecn
[10:59:00] Deleting unwanted file: prokka_flye/flye.val
[10:59:00] Repairing broken .GBK output that tbl2asn produces...
[10:59:00] Running: sed 's/COORDINATES: profile/COORDINATES:profile/' < prokka_flye\/flye\.gbf > prokka_flye\/flye\.gbk
[10:59:00] Deleting unwanted file: prokka_flye/flye.gbf
[10:59:00] Output files:
[10:59:00] prokka_flye/flye.tsv
[10:59:00] prokka_flye/flye.log
[10:59:00] prokka_flye/flye.fna
[10:59:00] prokka_flye/flye.txt
[10:59:00] prokka_flye/flye.fsa
[10:59:00] prokka_flye/flye.gff
[10:59:00] prokka_flye/flye.faa
[10:59:00] prokka_flye/flye.tbl
[10:59:00] prokka_flye/flye.err
[10:59:00] prokka_flye/flye.gbk
[10:59:00] prokka_flye/flye.ffn
[10:59:00] prokka_flye/flye.sqn
[10:59:00] Annotation finished successfully.
[10:59:00] Walltime used: 3.57 minutes
[10:59:00] If you use this result please cite the Prokka paper:
[10:59:00] Seemann T (2014) Prokka: rapid prokaryotic genome annotation. Bioinformatics. 30(14):2068-9.
[10:59:00] Type 'prokka --citation' for more details.
[10:59:00] Thank you, come again.
